Component: ARM Compiler 5.06 update 4 (build 422) Tool: armlink [4d35d2]

==============================================================================

Section Cross References

    main.o(.text) refers to _printf_percent.o(.ARM.Collect$$_printf_percent$$00000000) for _printf_percent
    main.o(.text) refers to _printf_s.o(.ARM.Collect$$_printf_percent$$00000014) for _printf_s
    main.o(.text) refers to _printf_str.o(.text) for _printf_str
    main.o(.text) refers to _printf_pad.o(.text) for _printf_pre_padding
    main.o(.text) refers to _printf_x.o(.ARM.Collect$$_printf_percent$$0000000C) for _printf_x
    main.o(.text) refers to _printf_hex_int.o(.text) for _printf_longlong_hex
    main.o(.text) refers to _printf_d.o(.ARM.Collect$$_printf_percent$$00000009) for _printf_d
    main.o(.text) refers to _printf_dec.o(.text) for _printf_int_dec
    main.o(.text) refers to spi_handler.o(.text) for SPI_SendByte
    main.o(.text) refers to wizchip_conf.o(.text) for ctlnetwork
    main.o(.text) refers to noretval__2printf.o(.text) for __2printf
    main.o(.text) refers to rcc_handler.o(.text) for RCC_Configuration
    main.o(.text) refers to gpio_handler.o(.text) for GPIO_Configuration
    main.o(.text) refers to uart_handler.o(.text) for USART_Configuration
    main.o(.text) refers to intan.o(.text) for INTAN_Init
    main.o(.text) refers to socket.o(.text) for socket
    main.o(.text) refers to main.o(.data) for gWIZNETINFO
    main.o(.text) refers to main.o(.constdata) for .constdata
    main.o(.text) refers to main.o(.bss) for temp
    retarget.o(.text) refers (Special) to use_no_semi.o(.text) for __use_no_semihosting_swi
    retarget.o(.text) refers to serial.o(.text) for SER_PutChar
    retarget.o(.data) refers (Special) to use_no_semi.o(.text) for __use_no_semihosting_swi
    stm32f4xx_it.o(.text) refers to main.o(.text) for TimingDelay_Decrement
    system_stm32f4xx.o(.text) refers to system_stm32f4xx.o(.data) for SystemCoreClock
    startup_stm32f40_41xxx.o(STACK) refers (Special) to heapauxi.o(.text) for __use_two_region_memory
    startup_stm32f40_41xxx.o(HEAP) refers (Special) to heapauxi.o(.text) for __use_two_region_memory
    startup_stm32f40_41xxx.o(RESET) refers (Special) to heapauxi.o(.text) for __use_two_region_memory
    startup_stm32f40_41xxx.o(RESET) refers to startup_stm32f40_41xxx.o(STACK) for __initial_sp
    startup_stm32f40_41xxx.o(RESET) refers to startup_stm32f40_41xxx.o(.text) for Reset_Handler
    startup_stm32f40_41xxx.o(RESET) refers to stm32f4xx_it.o(.text) for NMI_Handler
    startup_stm32f40_41xxx.o(RESET) refers to timer_handler.o(.text) for TIM2_IRQHandler
    startup_stm32f40_41xxx.o(.text) refers (Special) to heapauxi.o(.text) for __use_two_region_memory
    startup_stm32f40_41xxx.o(.text) refers to system_stm32f4xx.o(.text) for SystemInit
    startup_stm32f40_41xxx.o(.text) refers to __main.o(!!!main) for __main
    startup_stm32f40_41xxx.o(.text) refers to startup_stm32f40_41xxx.o(HEAP) for Heap_Mem
    startup_stm32f40_41xxx.o(.text) refers to startup_stm32f40_41xxx.o(STACK) for Stack_Mem
    stm32f4xx_adc.o(.text) refers to stm32f4xx_rcc.o(.text) for RCC_APB2PeriphResetCmd
    stm32f4xx_can.o(.text) refers to stm32f4xx_rcc.o(.text) for RCC_APB1PeriphResetCmd
    stm32f4xx_cryp.o(.text) refers to stm32f4xx_rcc.o(.text) for RCC_AHB2PeriphResetCmd
    stm32f4xx_cryp_aes.o(.text) refers to stm32f4xx_cryp.o(.text) for CRYP_KeyStructInit
    stm32f4xx_cryp_des.o(.text) refers to stm32f4xx_cryp.o(.text) for CRYP_KeyStructInit
    stm32f4xx_cryp_tdes.o(.text) refers to stm32f4xx_cryp.o(.text) for CRYP_KeyStructInit
    stm32f4xx_dac.o(.text) refers to stm32f4xx_rcc.o(.text) for RCC_APB1PeriphResetCmd
    stm32f4xx_dma2d.o(.text) refers to stm32f4xx_rcc.o(.text) for RCC_AHB1PeriphResetCmd
    stm32f4xx_fsmc.o(.text) refers to stm32f4xx_fsmc.o(.constdata) for FSMC_DefaultTimingStruct
    stm32f4xx_gpio.o(.text) refers to stm32f4xx_rcc.o(.text) for RCC_AHB1PeriphResetCmd
    stm32f4xx_hash.o(.text) refers to stm32f4xx_rcc.o(.text) for RCC_AHB2PeriphResetCmd
    stm32f4xx_hash_md5.o(.text) refers to stm32f4xx_hash.o(.text) for HASH_DeInit
    stm32f4xx_hash_sha1.o(.text) refers to stm32f4xx_hash.o(.text) for HASH_DeInit
    stm32f4xx_i2c.o(.text) refers to stm32f4xx_rcc.o(.text) for RCC_APB1PeriphResetCmd
    stm32f4xx_ltdc.o(.text) refers to stm32f4xx_rcc.o(.text) for RCC_APB2PeriphResetCmd
    stm32f4xx_pwr.o(.text) refers to stm32f4xx_rcc.o(.text) for RCC_APB1PeriphResetCmd
    stm32f4xx_rcc.o(.text) refers to stm32f4xx_rcc.o(.data) for APBAHBPrescTable
    stm32f4xx_rng.o(.text) refers to stm32f4xx_rcc.o(.text) for RCC_AHB2PeriphResetCmd
    stm32f4xx_sai.o(.text) refers to stm32f4xx_rcc.o(.text) for RCC_APB2PeriphResetCmd
    stm32f4xx_sdio.o(.text) refers to stm32f4xx_rcc.o(.text) for RCC_APB2PeriphResetCmd
    stm32f4xx_spi.o(.text) refers to stm32f4xx_rcc.o(.text) for RCC_APB2PeriphResetCmd
[...]
    ..\\PlatformHandler\\gpio_handler.c      0x00000000   Number         0  gpio_handler.o ABSOLUTE
    ..\\PlatformHandler\\rcc_handler.c       0x00000000   Number         0  rcc_handler.o ABSOLUTE
    ..\\PlatformHandler\\spi_handler.c       0x00000000   Number         0  spi_handler.o ABSOLUTE
    ..\\PlatformHandler\\timer_handler.c     0x00000000   Number         0  timer_handler.o ABSOLUTE
    ..\\PlatformHandler\\uart_handler.c      0x00000000   Number         0  uart_handler.o ABSOLUTE
    ..\\SYSTEM\\delay\\delay.c               0x00000000   Number         0  delay.o ABSOLUTE
    ..\\SYSTEM\\sys\\sys.c                   0x00000000   Number         0  sys.o ABSOLUTE
    Retarget.c                               0x00000000   Number         0  retarget.o ABSOLUTE
    Serial.c                                 0x00000000   Number         0  serial.o ABSOLUTE
    Serial.c                                 0x00000000   Number         0  serial.o ABSOLUTE
    dc.s                                     0x00000000   Number         0  dc.o ABSOLUTE
    main.c                                   0x00000000   Number         0  main.o ABSOLUTE
    main.c                                   0x00000000   Number         0  main.o ABSOLUTE
    stm32f4xx_it.c                           0x00000000   Number         0  stm32f4xx_it.o ABSOLUTE
    stm32f4xx_it.c                           0x00000000   Number         0  stm32f4xx_it.o ABSOLUTE
    system_stm32f4xx.c                       0x00000000   Number         0  system_stm32f4xx.o ABSOLUTE
    system_stm32f4xx.c                       0x00000000   Number         0  system_stm32f4xx.o ABSOLUTE
    RESET                                    0x08000000   Section      392  startup_stm32f40_41xxx.o(RESET)
    !!!main                                  0x08000188   Section        8  __main.o(!!!main)
    !!!scatter                               0x08000190   Section       52  __scatter.o(!!!scatter)
    !!dczerorl2                              0x080001c4   Section       90  __dczerorl2.o(!!dczerorl2)
    !!handler_zi                             0x08000220   Section       28  __scatter_zi.o(!!handler_zi)
    .ARM.Collect$$_printf_percent$$00000000  0x0800023c   Section        0  _printf_percent.o(.ARM.Collect$$_printf_percent$$00000000)
    .ARM.Collect$$_printf_percent$$00000009  0x0800023c   Section        6  _printf_d.o(.ARM.Collect$$_printf_percent$$00000009)
    .ARM.Collect$$_printf_percent$$0000000C  0x08000242   Section        6  _printf_x.o(.ARM.Collect$$_printf_percent$$0000000C)
    .ARM.Collect$$_printf_percent$$00000013  0x08000248   Section        6  _printf_c.o(.ARM.Collect$$_printf_percent$$00000013)
    .ARM.Collect$$_printf_percent$$00000014  0x0800024e   Section        6  _printf_s.o(.ARM.Collect$$_printf_percent$$00000014)
    .ARM.Collect$$_printf_percent$$00000017  0x08000254   Section        4  _printf_percent_end.o(.ARM.Collect$$_printf_percent$$00000017)
    .ARM.Collect$$libinit$$00000000          0x08000258   Section        2  libinit.o(.ARM.Collect$$libinit$$00000000)
    .ARM.Collect$$libinit$$00000001          0x0800025a   Section        4  libinit2.o(.ARM.Collect$$libinit$$00000001)
    .ARM.Collect$$libinit$$00000004          0x0800025e   Section        0  libinit2.o(.ARM.Collect$$libinit$$00000004)
    .ARM.Collect$$libinit$$0000000A          0x0800025e   Section        0  libinit2.o(.ARM.Collect$$libinit$$0000000A)
    .ARM.Collect$$libinit$$0000000C          0x0800025e   Section        0  libinit2.o(.ARM.Collect$$libinit$$0000000C)
    .ARM.Collect$$libinit$$0000000E          0x0800025e   Section        0  libinit2.o(.ARM.Collect$$libinit$$0000000E)
    .ARM.Collect$$libinit$$00000011          0x0800025e   Section        0  libinit2.o(.ARM.Collect$$libinit$$00000011)
    .ARM.Collect$$libinit$$00000013          0x0800025e   Section        0  libinit2.o(.ARM.Collect$$libinit$$00000013)
    .ARM.Collect$$libinit$$00000015          0x0800025e   Section        0  libinit2.o(.ARM.Collect$$libinit$$00000015)
    .ARM.Collect$$libinit$$00000017          0x0800025e   Section        0  libinit2.o(.ARM.Collect$$libinit$$00000017)
    .ARM.Collect$$libinit$$00000019          0x0800025e   Section        0  libinit2.o(.ARM.Collect$$libinit$$00000019)
    .ARM.Collect$$libinit$$0000001B          0x0800025e   Section        0  libinit2.o(.ARM.Collect$$libinit$$0000001B)
    .ARM.Collect$$libinit$$0000001D          0x0800025e   Section        0  libinit2.o(.ARM.Collect$$libinit$$0000001D)
    .ARM.Collect$$libinit$$0000001F          0x0800025e   Section        0  libinit2.o(.ARM.Collect$$libinit$$0000001F)
    .ARM.Collect$$libinit$$00000021          0x0800025e   Section        0  libinit2.o(.ARM.Collect$$libinit$$00000021)
    .ARM.Collect$$libinit$$00000023          0x0800025e   Section        0  libinit2.o(.ARM.Collect$$libinit$$00000023)
    .ARM.Collect$$libinit$$00000025          0x0800025e   Section        0  libinit2.o(.ARM.Collect$$libinit$$00000025)
    .ARM.Collect$$libinit$$0000002C          0x0800025e   Section        0  libinit2.o(.ARM.Collect$$libinit$$0000002C)
    .ARM.Collect$$libinit$$0000002E          0x0800025e   Section        0  libinit2.o(.ARM.Collect$$libinit$$0000002E)
    .ARM.Collect$$libinit$$00000030          0x0800025e   Section        0  libinit2.o(.ARM.Collect$$libinit$$00000030)
    .ARM.Collect$$libinit$$00000032          0x0800025e   Section        0  libinit2.o(.ARM.Collect$$libinit$$00000032)
    .ARM.Collect$$libinit$$00000033          0x0800025e   Section        2  libinit2.o(.ARM.Collect$$libinit$$00000033)
    .ARM.Collect$$libshutdown$$00000000      0x08000260   Section        2  libshutdown.o(.ARM.Collect$$libshutdown$$00000000)
    .ARM.Collect$$libshutdown$$00000002      0x08000262   Section        0  libshutdown2.o(.ARM.Collect$$libshutdown$$00000002)
    .ARM.Collect$$libshutdown$$00000004      0x08000262   Section        0  libshutdown2.o(.ARM.Collect$$libshutdown$$00000004)
    .ARM.Collect$$libshutdown$$00000007      0x08000262   Section        0  libshutdown2.o(.ARM.Collect$$libshutdown$$00000007)
    .ARM.Collect$$libshutdown$$0000000A      0x08000262   Section        0  libshutdown2.o(.ARM.Collect$$libshutdown$$0000000A)
    .ARM.Collect$$libshutdown$$0000000C      0x08000262   Section        0  libshutdown2.o(.ARM.Collect$$libshutdown$$0000000C)
    .ARM.Collect$$libshutdown$$0000000F      0x08000262   Section        0  libshutdown2.o(.ARM.Collect$$libshutdown$$0000000F)
    .ARM.Collect$$libshutdown$$00000010      0x08000262   Section        2  libshutdown2.o(.ARM.Collect$$libshutdown$$00000010)
    .ARM.Collect$$rtentry$$00000000          0x08000264   Section        0  __rtentry.o(.ARM.Collect$$rtentry$$00000000)
    .ARM.Collect$$rtentry$$00000002          0x08000264   Section        0  __rtentry2.o(.ARM.Collect$$rtentry$$00000002)
    .ARM.Collect$$rtentry$$00000004          0x08000264   Section        6  __rtentry4.o(.ARM.Collect$$rtentry$$00000004)
    .ARM.Collect$$rtentry$$00000009          0x0800026a   Section        0  __rtentry2.o(.ARM.Collect$$rtentry$$00000009)
    .ARM.Collect$$rtentry$$0000000A          0x0800026a   Section        4  __rtentry2.o(.ARM.Collect$$rtentry$$0000000A)
    .ARM.Collect$$rtentry$$0000000C          0x0800026e   Section        0  __rtentry2.o(.ARM.Collect$$rtentry$$0000000C)
    .ARM.Collect$$rtentry$$0000000D          0x0800026e   Section        8  __rtentry2.o(.ARM.Collect$$rtentry$$0000000D)
    .ARM.Collect$$rtexit$$00000000           0x08000276   Section        2  rtexit.o(.ARM.Collect$$rtexit$$00000000)
    .ARM.Collect$$rtexit$$00000002           0x08000278   Section        0  rtexit2.o(.ARM.Collect$$rtexit$$00000002)
    .ARM.Collect$$rtexit$$00000003           0x08000278   Section        4  rtexit2.o(.ARM.Collect$$rtexit$$00000003)
    .ARM.Collect$$rtexit$$00000004           0x0800027c   Section        6  rtexit2.o(.ARM.Collect$$rtexit$$00000004)
    .text                                    0x08000284   Section        0  main.o(.text)
    Delay                                    0x080003e5   Thumb Code    20  main.o(.text)
    .text                                    0x08000514   Section        0  retarget.o(.text)
    .text                                    0x08000544   Section        0  serial.o(.text)
    .text                                    0x080005d8   Section        0  stm32f4xx_it.o(.text)
    .text                                    0x080005f8   Section        0  system_stm32f4xx.o(.text)
    SetSysClock                              0x080005f9   Thumb Code   220  system_stm32f4xx.o(.text)
    .text                                    0x08000808   Section       64  startup_stm32f40_41xxx.o(.text)
    $v0                                      0x08000808   Number         0  startup_stm32f40_41xxx.o(.text)
    .text                                    0x08000848   Section        0  misc.o(.text)
    .text                                    0x08000928   Section        0  stm32f4xx_dma.o(.text)
    .text                                    0x08000cd0   Section        0  stm32f4xx_gpio.o(.text)
    .text                                    0x08000f64   Section        0  stm32f4xx_rcc.o(.text)
    .text                                    0x080015c0   Section        0  stm32f4xx_spi.o(.text)
    .text                                    0x08001a40   Section        0  stm32f4xx_tim.o(.text)
    TI4_Config                               0x080021df   Thumb Code    80  stm32f4xx_tim.o(.text)
    TI3_Config                               0x08002241   Thumb Code    72  stm32f4xx_tim.o(.text)
    TI2_Config                               0x080022a3   Thumb Code    90  stm32f4xx_tim.o(.text)
    TI1_Config                               0x0800230f   Thumb Code    58  stm32f4xx_tim.o(.text)
    .text                                    0x080026e4   Section        0  stm32f4xx_usart.o(.text)
    .text                                    0x08002b38   Section        0  intan.o(.text)
    .text                                    0x08002dd4   Section        0  spi.o(.text)
    .text                                    0x08002ed8   Section        0  socket.o(.text)
    .text                                    0x08003fdc   Section        0  wizchip_conf.o(.text)
    .text                                    0x08004670   Section        0  w5500.o(.text)
    .text                                    0x08004990   Section        0  gpio_handler.o(.text)
    .text                                    0x08004a48   Section        0  rcc_handler.o(.text)
    .text                                    0x08004a6c   Section        0  spi_handler.o(.text)
    .text                                    0x08004d14   Section        0  timer_handler.o(.text)
    .text                                    0x08004dd4   Section        0  uart_handler.o(.text)
    .text                                    0x08004e0c   Section        2  use_no_semi.o(.text)
    .text                                    0x08004e10   Section        0  noretval__2printf.o(.text)
    .text                                    0x08004e28   Section        0  _printf_pad.o(.text)
    .text                                    0x08004e76   Section        0  _printf_str.o(.text)
    .text                                    0x08004ec8   Section        0  _printf_dec.o(.text)
    .text                                    0x08004f40   Section        0  _printf_hex_int.o(.text)
    .text                                    0x08004f98   Section        0  __printf_flags_ss_wp.o(.text)
    .text                                    0x08005120   Section      138  rt_memcpy_v6.o(.text)
    .text                                    0x080051aa   Section      100  rt_memcpy_w.o(.text)
    .text                                    0x0800520e   Section       68  rt_memclr.o(.text)
    .text                                    0x08005252   Section       78  rt_memclr_w.o(.text)
    .text                                    0x080052a0   Section        0  heapauxi.o(.text)
    .text                                    0x080052a6   Section        0  _printf_intcommon.o(.text)
    .text                                    0x08005358   Section        0  _printf_char.o(.text)
    .text                                    0x08005384   Section        0  _printf_char_file.o(.text)
    .text                                    0x080053a8   Section        0  _printf_char_common.o(.text)
    _printf_input_char                       0x080053a9   Thumb Code    10  _printf_char_common.o(.text)
    .text                                    0x080053d8   Section       74  sys_stackheap_outer.o(.text)
    .text                                    0x08005422   Section        0  exit.o(.text)
    .text                                    0x08005434   Section        8  libspace.o(.text)
    i._is_digit                              0x0800543c   Section        0  __printf_wp.o(i._is_digit)
    x$fpl$fpinit                             0x0800544a   Section       10  fpinit.o(x$fpl$fpinit)
    $v0                                      0x0800544a   Number         0  fpinit.o(x$fpl$fpinit)
    .constdata                               0x08005454   Section       16  main.o(.constdata)
    .constdata                               0x08005464   Section       36  intan.o(.constdata)
    .constdata                               0x08005488   Section       40  _printf_hex_int.o(.constdata)
    uc_hextab                                0x08005488   Data          20  _printf_hex_int.o(.constdata)
    lc_hextab                                0x0800549c   Data          20  _printf_hex_int.o(.constdata)
    .constdata                               0x080054b0   Section       17  __printf_flags_ss_wp.o(.constdata)
    maptable                                 0x080054b0   Data          17  __printf_flags_ss_wp.o(.constdata)
    .data                                    0x20000000   Section     1061  main.o(.data)
    uwTimingDelay                            0x20000000   Data           4  main.o(.data)
    .data                                    0x20000428   Section        8  retarget.o(.data)
    .data                                    0x20000430   Section       20  system_stm32f4xx.o(.data)
    .data                                    0x20000444   Section       16  stm32f4xx_rcc.o(.data)
    APBAHBPrescTable                         0x20000444   Data          16  stm32f4xx_rcc.o(.data)
    .data                                    0x20000454   Section     1054  socket.o(.data)
    sock_any_port                            0x20000864   Data           2  socket.o(.data)
    sock_io_mode                             0x20000866   Data           2  socket.o(.data)
    sock_is_sending                          0x20000868   Data           2  socket.o(.data)
    sock_pack_info                           0x2000086a   Data           8  socket.o(.data)
    .data                                    0x20000874   Section       37  wizchip_conf.o(.data)
    _DNS_                                    0x20000894   Data           4  wizchip_conf.o(.data)
    _DHCP_                                   0x20000898   Data           1  wizchip_conf.o(.data)
    .data                                    0x2000089a   Section        6  timer_handler.o(.data)
    .bss                                     0x200008a0   Section       40  main.o(.bss)
    .bss                                     0x200008c8   Section       16  socket.o(.bss)
    sock_remained_size                       0x200008c8   Data          16  socket.o(.bss)
    .bss                                     0x200008d8   Section     2120  spi_handler.o(.bss)
    .bss                                     0x20001120   Section       32  timer_handler.o(.bss)
    .bss                                     0x20001140   Section       96  libspace.o(.bss)
    HEAP                                     0x200011a0   Section      512  startup_stm32f40_41xxx.o(HEAP)
    Heap_Mem                                 0x200011a0   Data         512  startup_stm32f40_41xxx.o(HEAP)
    STACK                                    0x200013a0   Section     1024  startup_stm32f40_41xxx.o(STACK)
    Stack_Mem                                0x200013a0   Data        1024  startup_stm32f40_41xxx.o(STACK)
    __initial_sp                             0x200017a0   Data           0  startup_stm32f40_41xxx.o(STACK)

    Global Symbols

    Symbol Name                              Value     Ov Type        Size  Object(Section)

    BuildAttributes$$THM_ISAv4$E$P$D$K$B$S$7EM$VFPi3$EXTD16$VFPS$VFMA$PE$A:L22UL41UL21$X:L11$S22US41US21$IEEE1$IW$USESV6$~STKCKD$USESV7$~SHL$OSPACE$ROPI$EBA8$UX$STANDARDLIB$REQ8$PRES8$EABIv2 0x00000000   Number         0  anon$$obj.o ABSOLUTE
    __ARM_use_no_argv                        0x00000000   Number         0  main.o ABSOLUTE
    _printf_flags                            0x00000000   Number         0  printf_stubs.o ABSOLUTE
    _printf_return_value                     0x00000000   Number         0  printf_stubs.o ABSOLUTE
    _printf_sizespec                         0x00000000   Number         0  printf_stubs.o ABSOLUTE
    _printf_widthprec                        0x00000000   Number         0  printf_stubs.o ABSOLUTE
    __ARM_exceptions_init                     - Undefined Weak Reference
    __alloca_initialize                       - Undefined Weak Reference
    __arm_preinit_                            - Undefined Weak Reference
    __cpp_initialize__aeabi_                  - Undefined Weak Reference
    __cxa_finalize                            - Undefined Weak Reference
    __rt_locale                               - Undefined Weak Reference
    __sigvec_lookup                           - Undefined Weak Reference
    _atexit_init                              - Undefined Weak Reference
    _call_atexit_fns                          - Undefined Weak Reference
    _clock_init                               - Undefined Weak Reference
    _fp_trap_init                             - Undefined Weak Reference
    _fp_trap_shutdown                         - Undefined Weak Reference
    _get_lc_collate                           - Undefined Weak Reference
    _get_lc_ctype                             - Undefined Weak Reference
    _get_lc_monetary                          - Undefined Weak Reference
    _get_lc_numeric                           - Undefined Weak Reference
    _get_lc_time                              - Undefined Weak Reference
    _getenv_init                              - Undefined Weak Reference
    _handle_redirection                       - Undefined Weak Reference
    _init_alloc                               - Undefined Weak Reference
    _init_user_alloc                          - Undefined Weak Reference
    _initio                                   - Undefined Weak Reference
    _printf_mbtowc                            - Undefined Weak Reference
    _printf_truncate_signed                   - Undefined Weak Reference
    _printf_truncate_unsigned                 - Undefined Weak Reference
    _rand_init                                - Undefined Weak Reference
    _signal_finish                            - Undefined Weak Reference
    _signal_init                              - Undefined Weak Reference
    _terminate_alloc                          - Undefined Weak Reference
    _terminate_user_alloc                     - Undefined Weak Reference
    _terminateio                              - Undefined Weak Reference
    __Vectors_Size                           0x00000188   Number         0  startup_stm32f40_41xxx.o ABSOLUTE
    __Vectors                                0x08000000   Data           4  startup_stm32f40_41xxx.o(RESET)
    __Vectors_End                            0x08000188   Data           0  startup_stm32f40_41xxx.o(RESET)
    __main                                   0x08000189   Thumb Code     8  __main.o(!!!main)
    __scatterload                            0x08000191   Thumb Code     0  __scatter.o(!!!scatter)
    __scatterload_rt2                        0x08000191   Thumb Code    44  __scatter.o(!!!scatter)
    __scatterload_rt2_thumb_only             0x08000191   Thumb Code     0  __scatter.o(!!!scatter)
    __scatterload_null                       0x0800019f   Thumb Code     0  __scatter.o(!!!scatter)
    __decompress                             0x080001c5   Thumb Code    90  __dczerorl2.o(!!dczerorl2)
    __decompress1                            0x080001c5   Thumb Code     0  __dczerorl2.o(!!dczerorl2)
    __scatterload_zeroinit                   0x08000221   Thumb Code    28  __scatter_zi.o(!!handler_zi)
    _printf_d                                0x0800023d   Thumb Code     0  _printf_d.o(.ARM.Collect$$_printf_percent$$00000009)
    _printf_percent                          0x0800023d   Thumb Code     0  _printf_percent.o(.ARM.Collect$$_printf_percent$$00000000)
    _printf_x                                0x08000243   Thumb Code     0  _printf_x.o(.ARM.Collect$$_printf_percent$$0000000C)
    _printf_c                                0x08000249   Thumb Code     0  _printf_c.o(.ARM.Collect$$_printf_percent$$00000013)
    _printf_s                                0x0800024f   Thumb Code     0  _printf_s.o(.ARM.Collect$$_printf_percent$$00000014)
    _printf_percent_end                      0x08000255   Thumb Code     0  _printf_percent_end.o(.ARM.Collect$$_printf_percent$$00000017)
    __rt_lib_init                            0x08000259   Thumb Code     0  libinit.o(.ARM.Collect$$libinit$$00000000)
    __rt_lib_init_fp_1                       0x0800025b   Thumb Code     0  libinit2.o(.ARM.Collect$$libinit$$00000001)
    __rt_lib_init_alloca_1                   0x0800025f   Thumb Code     0  libinit2.o(.ARM.Collect$$libinit$$0000002E)
    __rt_lib_init_argv_1                     0x0800025f   Thumb Code     0  libinit2.o(.ARM.Collect$$libinit$$0000002C)
    __rt_lib_init_atexit_1                   0x0800025f   Thumb Code     0  libinit2.o(.ARM.Collect$$libinit$$0000001B)
    __rt_lib_init_clock_1                    0x0800025f   Thumb Code     0  libinit2.o(.ARM.Collect$$libinit$$00000021)
    __rt_lib_init_cpp_1                      0x0800025f   Thumb Code     0  libinit2.o(.ARM.Collect$$libinit$$00000032)
    __rt_lib_init_exceptions_1               0x0800025f   Thumb Code     0  libinit2.o(.ARM.Collect$$libinit$$00000030)
    __rt_lib_init_fp_trap_1                  0x0800025f   Thumb Code     0  libinit2.o(.ARM.Collect$$libinit$$0000001F)
    __rt_lib_init_getenv_1                   0x0800025f   Thumb Code     0  libinit2.o(.ARM.Collect$$libinit$$00000023)
    __rt_lib_init_heap_1                     0x0800025f   Thumb Code     0  libinit2.o(.ARM.Collect$$libinit$$0000000A)
    __rt_lib_init_lc_collate_1               0x0800025f   Thumb Code     0  libinit2.o(.ARM.Collect$$libinit$$00000011)
    __rt_lib_init_lc_ctype_1                 0x0800025f   Thumb Code     0  libinit2.o(.ARM.Collect$$libinit$$00000013)
    __rt_lib_init_lc_monetary_1              0x0800025f   Thumb Code     0  libinit2.o(.ARM.Collect$$libinit$$00000015)
    __rt_lib_init_lc_numeric_1               0x0800025f   Thumb Code     0  libinit2.o(.ARM.Collect$$libinit$$00000017)
    __rt_lib_init_lc_time_1                  0x0800025f   Thumb Code     0  libinit2.o(.ARM.Collect$$libinit$$00000019)
    __rt_lib_init_preinit_1                  0x0800025f   Thumb Code     0  libinit2.o(.ARM.Collect$$libinit$$00000004)
    __rt_lib_init_rand_1                     0x0800025f   Thumb Code     0  libinit2.o(.ARM.Collect$$libinit$$0000000E)
    __rt_lib_init_return                     0x0800025f   Thumb Code     0  libinit2.o(.ARM.Collect$$libinit$$00000033)
    __rt_lib_init_signal_1                   0x0800025f   Thumb Code     0  libinit2.o(.ARM.Collect$$libinit$$0000001D)
    __rt_lib_init_stdio_1                    0x0800025f   Thumb Code     0  libinit2.o(.ARM.Collect$$libinit$$00000025)
    __rt_lib_init_user_alloc_1               0x0800025f   Thumb Code     0  libinit2.o(.ARM.Collect$$libinit$$0000000C)
    __rt_lib_shutdown                        0x08000261   Thumb Code     0  libshutdown.o(.ARM.Collect$$libshutdown$$00000000)
    __rt_lib_shutdown_cpp_1                  0x08000263   Thumb Code     0  libshutdown2.o(.ARM.Collect$$libshutdown$$00000002)
    __rt_lib_shutdown_fp_trap_1              0x08000263   Thumb Code     0  libshutdown2.o(.ARM.Collect$$libshutdown$$00000007)
    __rt_lib_shutdown_heap_1                 0x08000263   Thumb Code     0  libshutdown2.o(.ARM.Collect$$libshutdown$$0000000F)
    __rt_lib_shutdown_return                 0x08000263   Thumb Code     0  libshutdown2.o(.ARM.Collect$$libshutdown$$00000010)
    __rt_lib_shutdown_signal_1               0x08000263   Thumb Code     0  libshutdown2.o(.ARM.Collect$$libshutdown$$0000000A)
    __rt_lib_shutdown_stdio_1                0x08000263   Thumb Code     0  libshutdown2.o(.ARM.Collect$$libshutdown$$00000004)
    __rt_lib_shutdown_user_alloc_1           0x08000263   Thumb Code     0  libshutdown2.o(.ARM.Collect$$libshutdown$$0000000C)
    __rt_entry                               0x08000265   Thumb Code     0  __rtentry.o(.ARM.Collect$$rtentry$$00000000)
    __rt_entry_presh_1                       0x08000265   Thumb Code     0  __rtentry2.o(.ARM.Collect$$rtentry$$00000002)
    __rt_entry_sh                            0x08000265   Thumb Code     0  __rtentry4.o(.ARM.Collect$$rtentry$$00000004)
    __rt_entry_li                            0x0800026b   Thumb Code     0  __rtentry2.o(.ARM.Collect$$rtentry$$0000000A)
    __rt_entry_postsh_1                      0x0800026b   Thumb Code     0  __rtentry2.o(.ARM.Collect$$rtentry$$00000009)
    __rt_entry_main                          0x0800026f   Thumb Code     0  __rtentry2.o(.ARM.Collect$$rtentry$$0000000D)
    __rt_entry_postli_1                      0x0800026f   Thumb Code     0  __rtentry2.o(.ARM.Collect$$rtentry$$0000000C)
    __rt_exit                                0x08000277   Thumb Code     0  rtexit.o(.ARM.Collect$$rtexit$$00000000)
    __rt_exit_ls                             0x08000279   Thumb Code     0  rtexit2.o(.ARM.Collect$$rtexit$$00000003)
    __rt_exit_prels_1                        0x08000279   Thumb Code     0  rtexit2.o(.ARM.Collect$$rtexit$$00000002)
    __rt_exit_exit                           0x0800027d   Thumb Code     0  rtexit2.o(.ARM.Collect$$rtexit$$00000004)
    wizchip_select                           0x08000285   Thumb Code     8  main.o(.text)
    wizchip_deselect                         0x0800028d   Thumb Code     8  main.o(.text)
    wizchip_write                            0x08000295   Thumb Code    12  main.o(.text)
    wizchip_read                             0x080002a1   Thumb Code     8  main.o(.text)
    network_init                             0x080002a9   Thumb Code   148  main.o(.text)
    main                                     0x0800033d   Thumb Code   168  main.o(.text)
    TimingDelay_Decrement                    0x080003f9   Thumb Code    18  main.o(.text)
    fputc                                    0x08000515   Thumb Code    14  retarget.o(.text)
    fgetc                                    0x08000523   Thumb Code    10  retarget.o(.text)
    ferror                                   0x0800052d   Thumb Code     8  retarget.o(.text)
    _ttywrch                                 0x08000535   Thumb Code    12  retarget.o(.text)
    _sys_exit                                0x08000541   Thumb Code     4  retarget.o(.text)
    SER_Initialize                           0x08000545   Thumb Code    90  serial.o(.text)
    SER_PutChar                              0x0800059f   Thumb Code    22  serial.o(.text)
    SER_GetChar                              0x080005b5   Thumb Code    22  serial.o(.text)
    NMI_Handler                              0x080005d9   Thumb Code     2  stm32f4xx_it.o(.text)
    HardFault_Handler                        0x080005db   Thumb Code     4  stm32f4xx_it.o(.text)
    MemManage_Handler                        0x080005df   Thumb Code     4  stm32f4xx_it.o(.text)
    BusFault_Handler                         0x080005e3   Thumb Code     4  stm32f4xx_it.o(.text)
    UsageFault_Handler                       0x080005e7   Thumb Code     4  stm32f4xx_it.o(.text)
    SVC_Handler                              0x080005eb   Thumb Code     2  stm32f4xx_it.o(.text)
    DebugMon_Handler                         0x080005ed   Thumb Code     2  stm32f4xx_it.o(.text)
    PendSV_Handler                           0x080005ef   Thumb Code     2  stm32f4xx_it.o(.text)
    SysTick_Handler                          0x080005f1   Thumb Code     8  stm32f4xx_it.o(.text)
    SystemInit                               0x080006d5   Thumb Code    88  system_stm32f4xx.o(.text)
    SystemCoreClockUpdate                    0x0800072d   Thumb Code   174  system_stm32f4xx.o(.text)
    Reset_Handler                            0x08000809   Thumb Code     8  startup_stm32f40_41xxx.o(.text)
    ADC_IRQHandler                           0x08000823   Thumb Code     0  startup_stm32f40_41xxx.o(.text)
    CAN1_RX0_IRQHandler                      0x08000823   Thumb Code     0  startup_stm32f40_41xxx.o(.text)
    CAN1_RX1_IRQHandler                      0x08000823   Thumb Code     0  startup_stm32f40_41xxx.o(.text)
    CAN1_SCE_IRQHandler                      0x08000823   Thumb Code     0  startup_stm32f40_41xxx.o(.text)
    CAN1_TX_IRQHandler                       0x08000823   Thumb Code     0  startup_stm32f40_41xxx.o(.text)
    CAN2_RX0_IRQHandler                      0x08000823   Thumb Code     0  startup_stm32f40_41xxx.o(.text)
    CAN2_RX1_IRQHandler                      0x08000823   Thumb Code     0  startup_stm32f40_41xxx.o(.text)
    CAN2_SCE_IRQHandler                      0x08000823   Thumb Code     0  startup_stm32f40_41xxx.o(.text)
    CAN2_TX_IRQHandler                       0x08000823   Thumb Code     0  startup_stm32f40_41xxx.o(.text)
    CRYP_IRQHandler                          0x08000823   Thumb Code     0  startup_stm32f40_41xxx.o(.text)
    DCMI_IRQHandler                          0x08000823   Thumb Code     0  startup_stm32f40_41xxx.o(.text)
    DMA1_Stream0_IRQHandler                  0x08000823   Thumb Code     0  startup_stm32f40_41xxx.o(.text)
    DMA1_Stream1_IRQHandler                  0x08000823   Thumb Code     0  startup_stm32f40_41xxx.o(.text)
    DMA1_Stream2_IRQHandler                  0x08000823   Thumb Code     0  startup_stm32f40_41xxx.o(.text)
    DMA1_Stream3_IRQHandler                  0x08000823   Thumb Code     0  startup_stm32f40_41xxx.o(.text)
    DMA1_Stream4_IRQHandler                  0x08000823   Thumb Code     0  startup_stm32f40_41xxx.o(.text)
    DMA1_Stream5_IRQHandler                  0x08000823   Thumb Code     0  startup_stm32f40_41xxx.o(.text)
    DMA1_Stream6_IRQHandler                  0x08000823   Thumb Code     0  startup_stm32f40_41xxx.o(.text)
    DMA1_Stream7_IRQHandler                  0x08000823   Thumb Code     0  startup_stm32f40_41xxx.o(.text)
    DMA2_Stream0_IRQHandler                  0x08000823   Thumb Code     0  startup_stm32f40_41xxx.o(.text)
    DMA2_Stream1_IRQHandler                  0x08000823   Thumb Code     0  startup_stm32f40_41xxx.o(.text)
    DMA2_Stream2_IRQHandler                  0x08000823   Thumb Code     0  startup_stm32f40_41xxx.o(.text)
    DMA2_Stream3_IRQHandler                  0x08000823   Thumb Code     0  startup_stm32f40_41xxx.o(.text)
    DMA2_Stream4_IRQHandler                  0x08000823   Thumb Code     0  startup_stm32f40_41xxx.o(.text)
    DMA2_Stream5_IRQHandler                  0x08000823   Thumb Code     0  startup_stm32f40_41xxx.o(.text)
    DMA2_Stream6_IRQHandler                  0x08000823   Thumb Code     0  startup_stm32f40_41xxx.o(.text)
    DMA2_Stream7_IRQHandler                  0x08000823   Thumb Code     0  startup_stm32f40_41xxx.o(.text)
    ETH_IRQHandler                           0x08000823   Thumb Code     0  startup_stm32f40_41xxx.o(.text)
    ETH_WKUP_IRQHandler                      0x08000823   Thumb Code     0  startup_stm32f40_41xxx.o(.text)
    EXTI0_IRQHandler                         0x08000823   Thumb Code     0  startup_stm32f40_41xxx.o(.text)
    EXTI15_10_IRQHandler                     0x08000823   Thumb Code     0  startup_stm32f40_41xxx.o(.text)
    EXTI1_IRQHandler                         0x08000823   Thumb Code     0  startup_stm32f40_41xxx.o(.text)
    EXTI2_IRQHandler                         0x08000823   Thumb Code     0  startup_stm32f40_41xxx.o(.text)
    EXTI3_IRQHandler                         0x08000823   Thumb Code     0  startup_stm32f40_41xxx.o(.text)
    EXTI4_IRQHandler                         0x08000823   Thumb Code     0  startup_stm32f40_41xxx.o(.text)
    EXTI9_5_IRQHandler                       0x08000823   Thumb Code     0  startup_stm32f40_41xxx.o(.text)
    FLASH_IRQHandler                         0x08000823   Thumb Code     0  startup_stm32f40_41xxx.o(.text)
    FPU_IRQHandler                           0x08000823   Thumb Code     0  startup_stm32f40_41xxx.o(.text)
    FSMC_IRQHandler                          0x08000823   Thumb Code     0  startup_stm32f40_41xxx.o(.text)
    HASH_RNG_IRQHandler                      0x08000823   Thumb Code     0  startup_stm32f40_41xxx.o(.text)
    I2C1_ER_IRQHandler                       0x08000823   Thumb Code     0  startup_stm32f40_41xxx.o(.text)
    I2C1_EV_IRQHandler                       0x08000823   Thumb Code     0  startup_stm32f40_41xxx.o(.text)
    I2C2_ER_IRQHandler                       0x08000823   Thumb Code     0  startup_stm32f40_41xxx.o(.text)
    I2C2_EV_IRQHandler                       0x08000823   Thumb Code     0  startup_stm32f40_41xxx.o(.text)
    I2C3_ER_IRQHandler                       0x08000823   Thumb Code     0  startup_stm32f40_41xxx.o(.text)
    I2C3_EV_IRQHandler                       0x08000823   Thumb Code     0  startup_stm32f40_41xxx.o(.text)
    OTG_FS_IRQHandler                        0x08000823   Thumb Code     0  startup_stm32f40_41xxx.o(.text)
    OTG_FS_WKUP_IRQHandler                   0x08000823   Thumb Code     0  startup_stm32f40_41xxx.o(.text)
    OTG_HS_EP1_IN_IRQHandler                 0x08000823   Thumb Code     0  startup_stm32f40_41xxx.o(.text)
    OTG_HS_EP1_OUT_IRQHandler                0x08000823   Thumb Code     0  startup_stm32f40_41xxx.o(.text)
    OTG_HS_IRQHandler                        0x08000823   Thumb Code     0  startup_stm32f40_41xxx.o(.text)
    OTG_HS_WKUP_IRQHandler                   0x08000823   Thumb Code     0  startup_stm32f40_41xxx.o(.text)
    PVD_IRQHandler                           0x08000823   Thumb Code     0  startup_stm32f40_41xxx.o(.text)
    RCC_IRQHandler                           0x08000823   Thumb Code     0  startup_stm32f40_41xxx.o(.text)
    RTC_Alarm_IRQHandler                     0x08000823   Thumb Code     0  startup_stm32f40_41xxx.o(.text)
    RTC_WKUP_IRQHandler                      0x08000823   Thumb Code     0  startup_stm32f40_41xxx.o(.text)
    SDIO_IRQHandler                          0x08000823   Thumb Code     0  startup_stm32f40_41xxx.o(.text)
    SPI1_IRQHandler                          0x08000823   Thumb Code     0  startup_stm32f40_41xxx.o(.text)
    SPI2_IRQHandler                          0x08000823   Thumb Code     0  startup_stm32f40_41xxx.o(.text)
    SPI3_IRQHandler                          0x08000823   Thumb Code     0  startup_stm32f40_41xxx.o(.text)
    TAMP_STAMP_IRQHandler                    0x08000823   Thumb Code     0  startup_stm32f40_41xxx.o(.text)
    TIM1_BRK_TIM9_IRQHandler                 0x08000823   Thumb Code     0  startup_stm32f40_41xxx.o(.text)
    TIM1_CC_IRQHandler                       0x08000823   Thumb Code     0  startup_stm32f40_41xxx.o(.text)
    TIM1_TRG_COM_TIM11_IRQHandler            0x08000823   Thumb Code     0  startup_stm32f40_41xxx.o(.text)
    TIM1_UP_TIM10_IRQHandler                 0x08000823   Thumb Code     0  startup_stm32f40_41xxx.o(.text)
    TIM3_IRQHandler                          0x08000823   Thumb Code     0  startup_stm32f40_41xxx.o(.text)
    TIM4_IRQHandler                          0x08000823   Thumb Code     0  startup_stm32f40_41xxx.o(.text)
    TIM5_IRQHandler                          0x08000823   Thumb Code     0  startup_stm32f40_41xxx.o(.text)
    TIM6_DAC_IRQHandler                      0x08000823   Thumb Code     0  startup_stm32f40_41xxx.o(.text)
    TIM7_IRQHandler                          0x08000823   Thumb Code     0  startup_stm32f40_41xxx.o(.text)
    TIM8_BRK_TIM12_IRQHandler                0x08000823   Thumb Code     0  startup_stm32f40_41xxx.o(.text)
    TIM8_CC_IRQHandler                       0x08000823   Thumb Code     0  startup_stm32f40_41xxx.o(.text)
    TIM8_TRG_COM_TIM14_IRQHandler            0x08000823   Thumb Code     0  startup_stm32f40_41xxx.o(.text)
    TIM8_UP_TIM13_IRQHandler                 0x08000823   Thumb Code     0  startup_stm32f40_41xxx.o(.text)
    UART4_IRQHandler                         0x08000823   Thumb Code     0  startup_stm32f40_41xxx.o(.text)
    UART5_IRQHandler                         0x08000823   Thumb Code     0  startup_stm32f40_41xxx.o(.text)
    USART1_IRQHandler                        0x08000823   Thumb Code     0  startup_stm32f40_41xxx.o(.text)
    USART2_IRQHandler                        0x08000823   Thumb Code     0  startup_stm32f40_41xxx.o(.text)
    USART3_IRQHandler                        0x08000823   Thumb Code     0  startup_stm32f40_41xxx.o(.text)
    USART6_IRQHandler                        0x08000823   Thumb Code     0  startup_stm32f40_41xxx.o(.text)
    WWDG_IRQHandler                          0x08000823   Thumb Code     0  startup_stm32f40_41xxx.o(.text)
    __user_initial_stackheap                 0x08000825   Thumb Code     0  startup_stm32f40_41xxx.o(.text)
    NVIC_PriorityGroupConfig                 0x08000849   Thumb Code    10  misc.o(.text)
    NVIC_Init                                0x08000853   Thumb Code   106  misc.o(.text)
    NVIC_SetVectorTable                      0x080008bd   Thumb Code    14  misc.o(.text)
    NVIC_SystemLPConfig                      0x080008cb   Thumb Code    34  misc.o(.text)
    SysTick_CLKSourceConfig                  0x080008ed   Thumb Code    40  misc.o(.text)
    DMA_DeInit                               0x08000929   Thumb Code   324  stm32f4xx_dma.o(.text)
    DMA_Init                                 0x08000a6d   Thumb Code    82  stm32f4xx_dma.o(.text)
    DMA_StructInit                           0x08000abf   Thumb Code    34  stm32f4xx_dma.o(.text)
    DMA_Cmd                                  0x08000ae1   Thumb Code    22  stm32f4xx_dma.o(.text)
    DMA_PeriphIncOffsetSizeConfig            0x08000af7   Thumb Code    22  stm32f4xx_dma.o(.text)
    DMA_FlowControllerConfig                 0x08000b0d   Thumb Code    22  stm32f4xx_dma.o(.text)
    DMA_SetCurrDataCounter                   0x08000b23   Thumb Code     4  stm32f4xx_dma.o(.text)
    DMA_GetCurrDataCounter                   0x08000b27   Thumb Code     8  stm32f4xx_dma.o(.text)
    DMA_DoubleBufferModeConfig               0x08000b2f   Thumb Code    24  stm32f4xx_dma.o(.text)
    DMA_DoubleBufferModeCmd                  0x08000b47   Thumb Code    22  stm32f4xx_dma.o(.text)
    DMA_MemoryTargetConfig                   0x08000b5d   Thumb Code    10  stm32f4xx_dma.o(.text)
    DMA_GetCurrentMemoryTarget               0x08000b67   Thumb Code    20  stm32f4xx_dma.o(.text)
    DMA_GetCmdStatus                         0x08000b7b   Thumb Code    20  stm32f4xx_dma.o(.text)
    DMA_GetFIFOStatus                        0x08000b8f   Thumb Code    12  stm32f4xx_dma.o(.text)
    DMA_GetFlagStatus                        0x08000b9b   Thumb Code    56  stm32f4xx_dma.o(.text)
    DMA_ClearFlag                            0x08000bd3   Thumb Code    40  stm32f4xx_dma.o(.text)
    DMA_ITConfig                             0x08000bfb   Thumb Code    58  stm32f4xx_dma.o(.text)
    DMA_GetITStatus                          0x08000c35   Thumb Code    84  stm32f4xx_dma.o(.text)
    DMA_ClearITPendingBit                    0x08000c89   Thumb Code    40  stm32f4xx_dma.o(.text)
    GPIO_DeInit                              0x08000cd1   Thumb Code   268  stm32f4xx_gpio.o(.text)
    GPIO_Init                                0x08000ddd   Thumb Code   144  stm32f4xx_gpio.o(.text)
    GPIO_StructInit                          0x08000e6d   Thumb Code    18  stm32f4xx_gpio.o(.text)
    GPIO_PinLockConfig                       0x08000e7f   Thumb Code    34  stm32f4xx_gpio.o(.text)
    GPIO_ReadInputDataBit                    0x08000ea1   Thumb Code    18  stm32f4xx_gpio.o(.text)
    GPIO_ReadInputData                       0x08000eb3   Thumb Code     8  stm32f4xx_gpio.o(.text)
    GPIO_ReadOutputDataBit                   0x08000ebb   Thumb Code    18  stm32f4xx_gpio.o(.text)
    GPIO_ReadOutputData                      0x08000ecd   Thumb Code     8  stm32f4xx_gpio.o(.text)
    GPIO_SetBits                             0x08000ed5   Thumb Code     4  stm32f4xx_gpio.o(.text)
    GPIO_ResetBits                           0x08000ed9   Thumb Code     4  stm32f4xx_gpio.o(.text)
    GPIO_WriteBit                            0x08000edd   Thumb Code    10  stm32f4xx_gpio.o(.text)
    GPIO_Write                               0x08000ee7   Thumb Code     4  stm32f4xx_gpio.o(.text)
    GPIO_ToggleBits                          0x08000eeb   Thumb Code     8  stm32f4xx_gpio.o(.text)
    GPIO_PinAFConfig                         0x08000ef3   Thumb Code    70  stm32f4xx_gpio.o(.text)
    RCC_DeInit                               0x08000f65   Thumb Code    82  stm32f4xx_rcc.o(.text)
    RCC_HSEConfig                            0x08000fb7   Thumb Code    14  stm32f4xx_rcc.o(.text)
    RCC_GetFlagStatus                        0x08000fc5   Thumb Code    60  stm32f4xx_rcc.o(.text)
    RCC_WaitForHSEStartUp                    0x08001001   Thumb Code    56  stm32f4xx_rcc.o(.text)
    RCC_AdjustHSICalibrationValue            0x08001039   Thumb Code    20  stm32f4xx_rcc.o(.text)
    RCC_HSICmd                               0x0800104d   Thumb Code     6  stm32f4xx_rcc.o(.text)
    RCC_LSEConfig                            0x08001053   Thumb Code    46  stm32f4xx_rcc.o(.text)
    RCC_LSICmd                               0x08001081   Thumb Code     6  stm32f4xx_rcc.o(.text)
    RCC_PLLConfig                            0x08001087   Thumb Code    32  stm32f4xx_rcc.o(.text)
    RCC_PLLCmd                               0x080010a7   Thumb Code     6  stm32f4xx_rcc.o(.text)
    RCC_PLLI2SConfig                         0x080010ad   Thumb Code    14  stm32f4xx_rcc.o(.text)
    RCC_PLLI2SCmd                            0x080010bb   Thumb Code     6  stm32f4xx_rcc.o(.text)
    RCC_PLLSAIConfig                         0x080010c1   Thumb Code    20  stm32f4xx_rcc.o(.text)
    RCC_PLLSAICmd                            0x080010d5   Thumb Code     6  stm32f4xx_rcc.o(.text)
    RCC_ClockSecuritySystemCmd               0x080010db   Thumb Code     6  stm32f4xx_rcc.o(.text)
    RCC_MCO1Config                           0x080010e1   Thumb Code    28  stm32f4xx_rcc.o(.text)
    RCC_MCO2Config                           0x080010fd   Thumb Code    28  stm32f4xx_rcc.o(.text)
    RCC_SYSCLKConfig                         0x08001119   Thumb Code    20  stm32f4xx_rcc.o(.text)
    RCC_GetSYSCLKSource                      0x0800112d   Thumb Code    12  stm32f4xx_rcc.o(.text)
    RCC_HCLKConfig                           0x08001139   Thumb Code    20  stm32f4xx_rcc.o(.text)
    RCC_PCLK1Config                          0x0800114d   Thumb Code    20  stm32f4xx_rcc.o(.text)
    RCC_PCLK2Config                          0x08001161   Thumb Code    22  stm32f4xx_rcc.o(.text)
    RCC_GetClocksFreq                        0x08001177   Thumb Code   222  stm32f4xx_rcc.o(.text)
    RCC_RTCCLKConfig                         0x08001255   Thumb Code    54  stm32f4xx_rcc.o(.text)
    RCC_RTCCLKCmd                            0x0800128b   Thumb Code     8  stm32f4xx_rcc.o(.text)
    RCC_BackupResetCmd                       0x08001293   Thumb Code     8  stm32f4xx_rcc.o(.text)
    RCC_I2SCLKConfig                         0x0800129b   Thumb Code     6  stm32f4xx_rcc.o(.text)
    RCC_SAIPLLI2SClkDivConfig                0x080012a1   Thumb Code    26  stm32f4xx_rcc.o(.text)
    RCC_SAIPLLSAIClkDivConfig                0x080012bb   Thumb Code    28  stm32f4xx_rcc.o(.text)
    RCC_SAIBlockACLKConfig                   0x080012d7   Thumb Code    20  stm32f4xx_rcc.o(.text)
    RCC_SAIBlockBCLKConfig                   0x080012eb   Thumb Code    20  stm32f4xx_rcc.o(.text)
    RCC_LTDCCLKDivConfig                     0x080012ff   Thumb Code    20  stm32f4xx_rcc.o(.text)
    RCC_TIMCLKPresConfig                     0x08001313   Thumb Code     6  stm32f4xx_rcc.o(.text)
    RCC_AHB1PeriphClockCmd                   0x08001319   Thumb Code    34  stm32f4xx_rcc.o(.text)
    RCC_AHB2PeriphClockCmd                   0x0800133b   Thumb Code    78  stm32f4xx_rcc.o(.text)
    RCC_AHB3PeriphClockCmd                   0x08001389   Thumb Code    34  stm32f4xx_rcc.o(.text)
    RCC_APB1PeriphClockCmd                   0x080013ab   Thumb Code    34  stm32f4xx_rcc.o(.text)
    RCC_APB2PeriphClockCmd                   0x080013cd   Thumb Code    34  stm32f4xx_rcc.o(.text)
    RCC_AHB1PeriphResetCmd                   0x080013ef   Thumb Code    34  stm32f4xx_rcc.o(.text)
    RCC_AHB2PeriphResetCmd                   0x08001411   Thumb Code    34  stm32f4xx_rcc.o(.text)
    RCC_AHB3PeriphResetCmd                   0x08001433   Thumb Code    34  stm32f4xx_rcc.o(.text)
    RCC_APB1PeriphResetCmd                   0x08001455   Thumb Code    34  stm32f4xx_rcc.o(.text)
    RCC_APB2PeriphResetCmd                   0x08001477   Thumb Code    34  stm32f4xx_rcc.o(.text)
    RCC_AHB1PeriphClockLPModeCmd             0x08001499   Thumb Code    34  stm32f4xx_rcc.o(.text)
    RCC_AHB2PeriphClockLPModeCmd             0x080014bb   Thumb Code    34  stm32f4xx_rcc.o(.text)
    RCC_AHB3PeriphClockLPModeCmd             0x080014dd   Thumb Code    34  stm32f4xx_rcc.o(.text)
    RCC_APB1PeriphClockLPModeCmd             0x080014ff   Thumb Code    34  stm32f4xx_rcc.o(.text)
    RCC_APB2PeriphClockLPModeCmd             0x08001521   Thumb Code    34  stm32f4xx_rcc.o(.text)
    RCC_LSEModeConfig                        0x08001543   Thumb Code    40  stm32f4xx_rcc.o(.text)
    RCC_ITConfig                             0x0800156b   Thumb Code    34  stm32f4xx_rcc.o(.text)
    RCC_ClearFlag                            0x0800158d   Thumb Code    18  stm32f4xx_rcc.o(.text)
    RCC_GetITStatus                          0x0800159f   Thumb Code    22  stm32f4xx_rcc.o(.text)
    RCC_ClearITPendingBit                    0x080015b5   Thumb Code     8  stm32f4xx_rcc.o(.text)
    SPI_I2S_DeInit                           0x080015c1   Thumb Code   152  stm32f4xx_spi.o(.text)
    SPI_Init                                 0x08001659   Thumb Code    60  stm32f4xx_spi.o(.text)
    I2S_Init                                 0x08001695   Thumb Code   396  stm32f4xx_spi.o(.text)
    SPI_StructInit                           0x08001821   Thumb Code    24  stm32f4xx_spi.o(.text)
    I2S_StructInit                           0x08001839   Thumb Code    20  stm32f4xx_spi.o(.text)
    SPI_Cmd                                  0x0800184d   Thumb Code    24  stm32f4xx_spi.o(.text)
    I2S_Cmd                                  0x08001865   Thumb Code    24  stm32f4xx_spi.o(.text)
    SPI_DataSizeConfig                       0x0800187d   Thumb Code    18  stm32f4xx_spi.o(.text)
    SPI_BiDirectionalLineConfig              0x0800188f   Thumb Code    28  stm32f4xx_spi.o(.text)
    SPI_NSSInternalSoftwareConfig            0x080018ab   Thumb Code    30  stm32f4xx_spi.o(.text)
    SPI_SSOutputCmd                          0x080018c9   Thumb Code    24  stm32f4xx_spi.o(.text)
    SPI_TIModeCmd                            0x080018e1   Thumb Code    24  stm32f4xx_spi.o(.text)
    I2S_FullDuplexConfig                     0x080018f9   Thumb Code    80  stm32f4xx_spi.o(.text)
    SPI_I2S_ReceiveData                      0x08001949   Thumb Code     6  stm32f4xx_spi.o(.text)
    SPI_I2S_SendData                         0x0800194f   Thumb Code     4  stm32f4xx_spi.o(.text)
    SPI_CalculateCRC                         0x08001953   Thumb Code    24  stm32f4xx_spi.o(.text)
    SPI_TransmitCRC                          0x0800196b   Thumb Code    10  stm32f4xx_spi.o(.text)
    SPI_GetCRC                               0x08001975   Thumb Code    16  stm32f4xx_spi.o(.text)
    SPI_GetCRCPolynomial                     0x08001985   Thumb Code     6  stm32f4xx_spi.o(.text)
    SPI_I2S_DMACmd                           0x0800198b   Thumb Code    18  stm32f4xx_spi.o(.text)
    SPI_I2S_ITConfig                         0x0800199d   Thumb Code    68  stm32f4xx_spi.o(.text)
    SPI_I2S_GetFlagStatus                    0x080019e1   Thumb Code    18  stm32f4xx_spi.o(.text)
    SPI_I2S_ClearFlag                        0x080019f3   Thumb Code     6  stm32f4xx_spi.o(.text)
    SPI_I2S_GetITStatus                      0x080019f9   Thumb Code    52  stm32f4xx_spi.o(.text)
    SPI_I2S_ClearITPendingBit                0x08001a2d   Thumb Code    20  stm32f4xx_spi.o(.text)
    TIM_DeInit                               0x08001a41   Thumb Code   346  stm32f4xx_tim.o(.text)
    TIM_TimeBaseInit                         0x08001b9b   Thumb Code   104  stm32f4xx_tim.o(.text)
    TIM_TimeBaseStructInit                   0x08001c03   Thumb Code    18  stm32f4xx_tim.o(.text)
    TIM_PrescalerConfig                      0x08001c15   Thumb Code     6  stm32f4xx_tim.o(.text)
    TIM_CounterModeConfig                    0x08001c1b   Thumb Code    18  stm32f4xx_tim.o(.text)
    TIM_SetCounter                           0x08001c2d   Thumb Code     4  stm32f4xx_tim.o(.text)
    TIM_SetAutoreload                        0x08001c31   Thumb Code     4  stm32f4xx_tim.o(.text)
    TIM_GetCounter                           0x08001c35   Thumb Code     6  stm32f4xx_tim.o(.text)
    TIM_GetPrescaler                         0x08001c3b   Thumb Code     6  stm32f4xx_tim.o(.text)
    TIM_UpdateDisableConfig                  0x08001c41   Thumb Code    24  stm32f4xx_tim.o(.text)
    TIM_UpdateRequestConfig                  0x08001c59   Thumb Code    24  stm32f4xx_tim.o(.text)
    TIM_ARRPreloadConfig                     0x08001c71   Thumb Code    24  stm32f4xx_tim.o(.text)
    TIM_SelectOnePulseMode                   0x08001c89   Thumb Code    18  stm32f4xx_tim.o(.text)
    TIM_SetClockDivision                     0x08001c9b   Thumb Code    18  stm32f4xx_tim.o(.text)
    TIM_Cmd                                  0x08001cad   Thumb Code    24  stm32f4xx_tim.o(.text)
    TIM_OC1Init                              0x08001cc5   Thumb Code   114  stm32f4xx_tim.o(.text)
    TIM_OC2Init                              0x08001d37   Thumb Code   154  stm32f4xx_tim.o(.text)
    TIM_OC3Init                              0x08001dd1   Thumb Code   204  stm32f4xx_tim.o(.text)
    TIM_OC4Init                              0x08001e9d   Thumb Code   112  stm32f4xx_tim.o(.text)
    TIM_OCStructInit                         0x08001f0d   Thumb Code    20  stm32f4xx_tim.o(.text)
    TIM_SelectOCxM                           0x08001f21   Thumb Code    86  stm32f4xx_tim.o(.text)
    TIM_SetCompare1                          0x08001f77   Thumb Code     4  stm32f4xx_tim.o(.text)
    TIM_SetCompare2                          0x08001f7b   Thumb Code     4  stm32f4xx_tim.o(.text)
    TIM_SetCompare3                          0x08001f7f   Thumb Code     4  stm32f4xx_tim.o(.text)
    TIM_SetCompare4                          0x08001f83   Thumb Code     4  stm32f4xx_tim.o(.text)
    TIM_ForcedOC1Config                      0x08001f87   Thumb Code    18  stm32f4xx_tim.o(.text)
    TIM_ForcedOC2Config                      0x08001f99   Thumb Code    26  stm32f4xx_tim.o(.text)
    TIM_ForcedOC3Config                      0x08001fb3   Thumb Code    18  stm32f4xx_tim.o(.text)
    TIM_ForcedOC4Config                      0x08001fc5   Thumb Code    26  stm32f4xx_tim.o(.text)
    TIM_OC1PreloadConfig                     0x08001fdf   Thumb Code    18  stm32f4xx_tim.o(.text)
    TIM_OC2PreloadConfig                     0x08001ff1   Thumb Code    26  stm32f4xx_tim.o(.text)
    TIM_OC3PreloadConfig                     0x0800200b   Thumb Code    18  stm32f4xx_tim.o(.text)
    TIM_OC4PreloadConfig                     0x0800201d   Thumb Code    26  stm32f4xx_tim.o(.text)
    TIM_OC1FastConfig                        0x08002037   Thumb Code    18  stm32f4xx_tim.o(.text)
    TIM_OC2FastConfig                        0x08002049   Thumb Code    26  stm32f4xx_tim.o(.text)
    TIM_OC3FastConfig                        0x08002063   Thumb Code    18  stm32f4xx_tim.o(.text)
    TIM_OC4FastConfig                        0x08002075   Thumb Code    26  stm32f4xx_tim.o(.text)
    TIM_ClearOC1Ref                          0x0800208f   Thumb Code    18  stm32f4xx_tim.o(.text)
    TIM_ClearOC2Ref                          0x080020a1   Thumb Code    24  stm32f4xx_tim.o(.text)
    TIM_ClearOC3Ref                          0x080020b9   Thumb Code    18  stm32f4xx_tim.o(.text)
    TIM_ClearOC4Ref                          0x080020cb   Thumb Code    24  stm32f4xx_tim.o(.text)
    TIM_OC1PolarityConfig                    0x080020e3   Thumb Code    18  stm32f4xx_tim.o(.text)
    TIM_OC1NPolarityConfig                   0x080020f5   Thumb Code    18  stm32f4xx_tim.o(.text)
    TIM_OC2PolarityConfig                    0x08002107   Thumb Code    26  stm32f4xx_tim.o(.text)
    TIM_OC2NPolarityConfig                   0x08002121   Thumb Code    26  stm32f4xx_tim.o(.text)
    TIM_OC3PolarityConfig                    0x0800213b   Thumb Code    26  stm32f4xx_tim.o(.text)
    TIM_OC3NPolarityConfig                   0x08002155   Thumb Code    26  stm32f4xx_tim.o(.text)
    TIM_OC4PolarityConfig                    0x0800216f   Thumb Code    26  stm32f4xx_tim.o(.text)
    TIM_CCxCmd                               0x08002189   Thumb Code    30  stm32f4xx_tim.o(.text)
    TIM_CCxNCmd                              0x080021a7   Thumb Code    30  stm32f4xx_tim.o(.text)
    TIM_SetIC4Prescaler                      0x080021c5   Thumb Code    26  stm32f4xx_tim.o(.text)
    TIM_SetIC3Prescaler                      0x0800222f   Thumb Code    18  stm32f4xx_tim.o(.text)
    TIM_SetIC2Prescaler                      0x08002289   Thumb Code    26  stm32f4xx_tim.o(.text)
    TIM_SetIC1Prescaler                      0x080022fd   Thumb Code    18  stm32f4xx_tim.o(.text)
    TIM_ICInit                               0x08002349   Thumb Code   110  stm32f4xx_tim.o(.text)
    TIM_ICStructInit                         0x080023b7   Thumb Code    18  stm32f4xx_tim.o(.text)
    TIM_PWMIConfig                           0x080023c9   Thumb Code   124  stm32f4xx_tim.o(.text)
    TIM_GetCapture1                          0x08002445   Thumb Code     6  stm32f4xx_tim.o(.text)
    TIM_GetCapture2                          0x0800244b   Thumb Code     6  stm32f4xx_tim.o(.text)
    TIM_GetCapture3                          0x08002451   Thumb Code     6  stm32f4xx_tim.o(.text)
    TIM_GetCapture4                          0x08002457   Thumb Code     6  stm32f4xx_tim.o(.text)
    TIM_BDTRConfig                           0x0800245d   Thumb Code    32  stm32f4xx_tim.o(.text)
    TIM_BDTRStructInit                       0x0800247d   Thumb Code    18  stm32f4xx_tim.o(.text)
    TIM_CtrlPWMOutputs                       0x0800248f   Thumb Code    30  stm32f4xx_tim.o(.text)
    TIM_SelectCOM                            0x080024ad   Thumb Code    24  stm32f4xx_tim.o(.text)
    TIM_CCPreloadControl                     0x080024c5   Thumb Code    24  stm32f4xx_tim.o(.text)
    TIM_ITConfig                             0x080024dd   Thumb Code    18  stm32f4xx_tim.o(.text)
    TIM_GenerateEvent                        0x080024ef   Thumb Code     4  stm32f4xx_tim.o(.text)
    TIM_GetFlagStatus                        0x080024f3   Thumb Code    18  stm32f4xx_tim.o(.text)
    TIM_ClearFlag                            0x08002505   Thumb Code     6  stm32f4xx_tim.o(.text)
    TIM_GetITStatus                          0x0800250b   Thumb Code    34  stm32f4xx_tim.o(.text)
    TIM_ClearITPendingBit                    0x0800252d   Thumb Code     6  stm32f4xx_tim.o(.text)
    TIM_DMAConfig                            0x08002533   Thumb Code    10  stm32f4xx_tim.o(.text)
    TIM_DMACmd                               0x0800253d   Thumb Code    18  stm32f4xx_tim.o(.text)
    TIM_SelectCCDMA                          0x0800254f   Thumb Code    24  stm32f4xx_tim.o(.text)
    TIM_InternalClockConfig                  0x08002567   Thumb Code    12  stm32f4xx_tim.o(.text)
    TIM_SelectInputTrigger                   0x08002573   Thumb Code    18  stm32f4xx_tim.o(.text)
    TIM_ITRxExternalClockConfig              0x08002585   Thumb Code    24  stm32f4xx_tim.o(.text)
    TIM_TIxExternalClockConfig               0x0800259d   Thumb Code    62  stm32f4xx_tim.o(.text)
    TIM_ETRConfig                            0x080025db   Thumb Code    28  stm32f4xx_tim.o(.text)
    TIM_ETRClockMode1Config                  0x080025f7   Thumb Code    54  stm32f4xx_tim.o(.text)
    TIM_ETRClockMode2Config                  0x0800262d   Thumb Code    32  stm32f4xx_tim.o(.text)
    TIM_SelectOutputTrigger                  0x0800264d   Thumb Code    18  stm32f4xx_tim.o(.text)
    TIM_SelectSlaveMode                      0x0800265f   Thumb Code    18  stm32f4xx_tim.o(.text)
    TIM_SelectMasterSlaveMode                0x08002671   Thumb Code    18  stm32f4xx_tim.o(.text)
    TIM_EncoderInterfaceConfig               0x08002683   Thumb Code    66  stm32f4xx_tim.o(.text)
    TIM_SelectHallSensor                     0x080026c5   Thumb Code    24  stm32f4xx_tim.o(.text)
    TIM_RemapConfig                          0x080026dd   Thumb Code     6  stm32f4xx_tim.o(.text)
    USART_DeInit                             0x080026e5   Thumb Code   206  stm32f4xx_usart.o(.text)
    USART_Init                               0x080027b3   Thumb Code   204  stm32f4xx_usart.o(.text)
    USART_StructInit                         0x0800287f   Thumb Code    24  stm32f4xx_usart.o(.text)
    USART_ClockInit                          0x08002897   Thumb Code    32  stm32f4xx_usart.o(.text)
    USART_ClockStructInit                    0x080028b7   Thumb Code    12  stm32f4xx_usart.o(.text)
    USART_Cmd                                0x080028c3   Thumb Code    24  stm32f4xx_usart.o(.text)
    USART_SetPrescaler                       0x080028db   Thumb Code    16  stm32f4xx_usart.o(.text)
    USART_OverSampling8Cmd                   0x080028eb   Thumb Code    22  stm32f4xx_usart.o(.text)
    USART_OneBitMethodCmd                    0x08002901   Thumb Code    24  stm32f4xx_usart.o(.text)
    USART_SendData                           0x08002919   Thumb Code     8  stm32f4xx_usart.o(.text)
    USART_ReceiveData                        0x08002921   Thumb Code    10  stm32f4xx_usart.o(.text)
    USART_SetAddress                         0x0800292b   Thumb Code    18  stm32f4xx_usart.o(.text)
    USART_ReceiverWakeUpCmd                  0x0800293d   Thumb Code    24  stm32f4xx_usart.o(.text)
    USART_WakeUpConfig                       0x08002955   Thumb Code    18  stm32f4xx_usart.o(.text)
    USART_LINBreakDetectLengthConfig         0x08002967   Thumb Code    18  stm32f4xx_usart.o(.text)
    USART_LINCmd                             0x08002979   Thumb Code    24  stm32f4xx_usart.o(.text)
    USART_SendBreak                          0x08002991   Thumb Code    10  stm32f4xx_usart.o(.text)
    USART_HalfDuplexCmd                      0x0800299b   Thumb Code    24  stm32f4xx_usart.o(.text)
    USART_SetGuardTime                       0x080029b3   Thumb Code    16  stm32f4xx_usart.o(.text)
    USART_SmartCardCmd                       0x080029c3   Thumb Code    24  stm32f4xx_usart.o(.text)
    USART_SmartCardNACKCmd                   0x080029db   Thumb Code    24  stm32f4xx_usart.o(.text)
    USART_IrDAConfig                         0x080029f3   Thumb Code    18  stm32f4xx_usart.o(.text)
    USART_IrDACmd                            0x08002a05   Thumb Code    24  stm32f4xx_usart.o(.text)
    USART_DMACmd                             0x08002a1d   Thumb Code    18  stm32f4xx_usart.o(.text)
    USART_ITConfig                           0x08002a2f   Thumb Code    74  stm32f4xx_usart.o(.text)
    USART_GetFlagStatus                      0x08002a79   Thumb Code    26  stm32f4xx_usart.o(.text)
    USART_ClearFlag                          0x08002a93   Thumb Code    18  stm32f4xx_usart.o(.text)
    USART_GetITStatus                        0x08002aa5   Thumb Code   118  stm32f4xx_usart.o(.text)
    USART_ClearITPendingBit                  0x08002b1b   Thumb Code    30  stm32f4xx_usart.o(.text)
    INTAN_Init                               0x08002b39   Thumb Code    16  intan.o(.text)
    INTAN_ReadData                           0x08002b49   Thumb Code    88  intan.o(.text)
    INTAN_WriteData                          0x08002ba1   Thumb Code    68  intan.o(.text)
    INTAN_Convert                            0x08002be5   Thumb Code    34  intan.o(.text)
    INTAN_ReadID                             0x08002c07   Thumb Code    98  intan.o(.text)
    INTAN_Calibrate_ADC                      0x08002c69   Thumb Code    24  intan.o(.text)
    INTAN_Configuration                      0x08002c81   Thumb Code   204  intan.o(.text)
    INTAN_Verify_Setup                       0x08002d4d   Thumb Code   110  intan.o(.text)
    SPI2_Init                                0x08002dd5   Thumb Code   202  spi.o(.text)
    SPI2_ReadWriteByte                       0x08002e9f   Thumb Code    48  spi.o(.text)
    close                                    0x08002ed9   Thumb Code   128  socket.o(.text)
    socket                                   0x08002f59   Thumb Code   346  socket.o(.text)
    listen                                   0x080030b3   Thumb Code   176  socket.o(.text)
    connect                                  0x08003163   Thumb Code   318  socket.o(.text)
    disconnect                               0x080032a1   Thumb Code   200  socket.o(.text)
    send                                     0x08003369   Thumb Code   374  socket.o(.text)
    recv                                     0x080034df   Thumb Code   282  socket.o(.text)
    MY_sendto                                0x080035f9   Thumb Code   794  socket.o(.text)
    recvfrom                                 0x08003913   Thumb Code   602  socket.o(.text)
    ctlsocket                                0x08003b6d   Thumb Code   316  socket.o(.text)
    setsockopt                               0x08003ca9   Thumb Code   398  socket.o(.text)
    getsockopt                               0x08003e37   Thumb Code   422  socket.o(.text)
    wizchip_cris_enter                       0x08003fdd   Thumb Code     2  wizchip_conf.o(.text)
    wizchip_cris_exit                        0x08003fdf   Thumb Code     2  wizchip_conf.o(.text)
    wizchip_cs_select                        0x08003fe1   Thumb Code     2  wizchip_conf.o(.text)
    wizchip_cs_deselect                      0x08003fe3   Thumb Code     2  wizchip_conf.o(.text)
    wizchip_bus_readbyte                     0x08003fe5   Thumb Code     6  wizchip_conf.o(.text)
    wizchip_bus_writebyte                    0x08003feb   Thumb Code     4  wizchip_conf.o(.text)
    wizchip_spi_readbyte                     0x08003fef   Thumb Code     4  wizchip_conf.o(.text)
    wizchip_spi_writebyte                    0x08003ff3   Thumb Code     2  wizchip_conf.o(.text)
    wizchip_spi_readburst                    0x08003ff5   Thumb Code     2  wizchip_conf.o(.text)
    wizchip_spi_writeburst                   0x08003ff7   Thumb Code     2  wizchip_conf.o(.text)
    reg_wizchip_cris_cbfunc                  0x08003ff9   Thumb Code    30  wizchip_conf.o(.text)
    reg_wizchip_cs_cbfunc                    0x08004017   Thumb Code    30  wizchip_conf.o(.text)
    reg_wizchip_bus_cbfunc                   0x08004035   Thumb Code    44  wizchip_conf.o(.text)
    reg_wizchip_spi_cbfunc                   0x08004061   Thumb Code    44  wizchip_conf.o(.text)
    wizphy_getphylink                        0x0800408d   Thumb Code    26  wizchip_conf.o(.text)
    wizphy_getphypmode                       0x080040a7   Thumb Code    28  wizchip_conf.o(.text)
    wizphy_reset                             0x080040c3   Thumb Code    52  wizchip_conf.o(.text)
    wizphy_setphypmode                       0x080040f7   Thumb Code   100  wizchip_conf.o(.text)
    wizphy_getphyconf                        0x0800415b   Thumb Code   120  wizchip_conf.o(.text)
    wizphy_setphyconf                        0x080041d3   Thumb Code    88  wizchip_conf.o(.text)
    wizchip_getinterruptmask                 0x0800422b   Thumb Code    40  wizchip_conf.o(.text)
    wizchip_setinterruptmask                 0x08004253   Thumb Code    30  wizchip_conf.o(.text)
    wizchip_getinterrupt                     0x08004271   Thumb Code    42  wizchip_conf.o(.text)
    wizchip_clrinterrupt                     0x0800429b   Thumb Code    32  wizchip_conf.o(.text)
    wizchip_sw_reset                         0x080042bb   Thumb Code   114  wizchip_conf.o(.text)
    wizchip_init                             0x0800432d   Thumb Code   144  wizchip_conf.o(.text)
    ctlwizchip                               0x080043bd   Thumb Code   282  wizchip_conf.o(.text)
    wizchip_gettimeout                       0x080044d7   Thumb Code    40  wizchip_conf.o(.text)
    wizchip_settimeout                       0x080044ff   Thumb Code    38  wizchip_conf.o(.text)
    wizchip_getnetmode                       0x08004525   Thumb Code    10  wizchip_conf.o(.text)
    wizchip_setnetmode                       0x0800452f   Thumb Code    38  wizchip_conf.o(.text)
    wizchip_getnetinfo                       0x08004555   Thumb Code    82  wizchip_conf.o(.text)
    wizchip_setnetinfo                       0x080045a7   Thumb Code    80  wizchip_conf.o(.text)
    ctlnetwork                               0x080045f7   Thumb Code    80  wizchip_conf.o(.text)
    wizphy_getphystat                        0x08004647   Thumb Code    28  wizchip_conf.o(.text)
    WIZCHIP_READ                             0x08004671   Thumb Code    52  w5500.o(.text)
    WIZCHIP_WRITE                            0x080046a5   Thumb Code    52  w5500.o(.text)
    WIZCHIP_READ_BUF                         0x080046d9   Thumb Code    58  w5500.o(.text)
    WIZCHIP_WRITE_BUF                        0x08004713   Thumb Code    50  w5500.o(.text)
    getSn_TX_FSR                             0x08004745   Thumb Code   108  w5500.o(.text)
    getSn_RX_RSR                             0x080047b1   Thumb Code   108  w5500.o(.text)
    wiz_send_data                            0x0800481d   Thumb Code   132  w5500.o(.text)
    wiz_recv_data                            0x080048a1   Thumb Code   132  w5500.o(.text)
    wiz_recv_ignore                          0x08004925   Thumb Code   102  w5500.o(.text)
    GPIO_Configuration                       0x08004991   Thumb Code   180  gpio_handler.o(.text)
    RCC_Configuration                        0x08004a49   Thumb Code    30  rcc_handler.o(.text)
    SPI_Configuration                        0x08004a6d   Thumb Code   188  spi_handler.o(.text)
    SPI_SendByte                             0x08004b29   Thumb Code    50  spi_handler.o(.text)
    SPI_ReceiveByte                          0x08004b5b   Thumb Code    48  spi_handler.o(.text)
    SPI_SendBurst                            0x08004b8b   Thumb Code     2  spi_handler.o(.text)
    SPI_ReceiveBurst                         0x08004b8d   Thumb Code     2  spi_handler.o(.text)
    SPI_DMA_WRITE                            0x08004b8f   Thumb Code   182  spi_handler.o(.text)
    SPI_DMA_READ                             0x08004c45   Thumb Code   188  spi_handler.o(.text)
    Timer_Configuration                      0x08004d15   Thumb Code    86  timer_handler.o(.text)
    TIM2_IRQHandler                          0x08004d6b   Thumb Code    64  timer_handler.o(.text)
    GetIsTimeElapsed                         0x08004dab   Thumb Code     6  timer_handler.o(.text)
    SetIsTimeElapsed                         0x08004db1   Thumb Code     6  timer_handler.o(.text)
    GetResetTimeCounter                      0x08004db7   Thumb Code     6  timer_handler.o(.text)
    SetResetTimeCounter                      0x08004dbd   Thumb Code     6  timer_handler.o(.text)
    USART_Configuration                      0x08004dd5   Thumb Code    50  uart_handler.o(.text)
    __I$use$semihosting                      0x08004e0d   Thumb Code     0  use_no_semi.o(.text)
    __use_no_semihosting_swi                 0x08004e0d   Thumb Code     2  use_no_semi.o(.text)
    __2printf                                0x08004e11   Thumb Code    20  noretval__2printf.o(.text)
    _printf_pre_padding                      0x08004e29   Thumb Code    44  _printf_pad.o(.text)
    _printf_post_padding                     0x08004e55   Thumb Code    34  _printf_pad.o(.text)
    _printf_str                              0x08004e77   Thumb Code    82  _printf_str.o(.text)
    _printf_int_dec                          0x08004ec9   Thumb Code   104  _printf_dec.o(.text)
    _printf_int_hex                          0x08004f41   Thumb Code    84  _printf_hex_int.o(.text)
    _printf_longlong_hex                     0x08004f41   Thumb Code     0  _printf_hex_int.o(.text)
    __printf                                 0x08004f99   Thumb Code   388  __printf_flags_ss_wp.o(.text)
    __aeabi_memcpy                           0x08005121   Thumb Code     0  rt_memcpy_v6.o(.text)
    __rt_memcpy                              0x08005121   Thumb Code   138  rt_memcpy_v6.o(.text)
    _memcpy_lastbytes                        0x08005187   Thumb Code     0  rt_memcpy_v6.o(.text)
    __aeabi_memcpy4                          0x080051ab   Thumb Code     0  rt_memcpy_w.o(.text)
    __aeabi_memcpy8                          0x080051ab   Thumb Code     0  rt_memcpy_w.o(.text)
    __rt_memcpy_w                            0x080051ab   Thumb Code   100  rt_memcpy_w.o(.text)
    _memcpy_lastbytes_aligned                0x080051f3   Thumb Code     0  rt_memcpy_w.o(.text)
    __aeabi_memclr                           0x0800520f   Thumb Code     0  rt_memclr.o(.text)
    __rt_memclr                              0x0800520f   Thumb Code    68  rt_memclr.o(.text)
    _memset                                  0x08005213   Thumb Code     0  rt_memclr.o(.text)
    __aeabi_memclr4                          0x08005253   Thumb Code     0  rt_memclr_w.o(.text)
    __aeabi_memclr8                          0x08005253   Thumb Code     0  rt_memclr_w.o(.text)
    __rt_memclr_w                            0x08005253   Thumb Code    78  rt_memclr_w.o(.text)
    _memset_w                                0x08005257   Thumb Code     0  rt_memclr_w.o(.text)
    __use_two_region_memory                  0x080052a1   Thumb Code     2  heapauxi.o(.text)
    __rt_heap_escrow$2region                 0x080052a3   Thumb Code     2  heapauxi.o(.text)
    __rt_heap_expand$2region                 0x080052a5   Thumb Code     2  heapauxi.o(.text)
    _printf_int_common                       0x080052a7   Thumb Code   178  _printf_intcommon.o(.text)
    _printf_cs_common                        0x08005359   Thumb Code    20  _printf_char.o(.text)
    _printf_char                             0x0800536d   Thumb Code    16  _printf_char.o(.text)
    _printf_string                           0x0800537d   Thumb Code     8  _printf_char.o(.text)
    _printf_char_file                        0x08005385   Thumb Code    32  _printf_char_file.o(.text)
    _printf_char_common                      0x080053b3   Thumb Code    32  _printf_char_common.o(.text)
    __user_setup_stackheap                   0x080053d9   Thumb Code    74  sys_stackheap_outer.o(.text)
    exit                                     0x08005423   Thumb Code    18  exit.o(.text)
    __user_libspace                          0x08005435   Thumb Code     8  libspace.o(.text)
    __user_perproc_libspace                  0x08005435   Thumb Code     0  libspace.o(.text)
    __user_perthread_libspace                0x08005435   Thumb Code     0  libspace.o(.text)
    _is_digit                                0x0800543d   Thumb Code    14  __printf_wp.o(i._is_digit)
    _fp_init                                 0x0800544b   Thumb Code    10  fpinit.o(x$fpl$fpinit)
    __fplib_config_fpu_vfp                   0x08005453   Thumb Code     0  fpinit.o(x$fpl$fpinit)
    __fplib_config_pureend_doubles           0x08005453   Thumb Code     0  fpinit.o(x$fpl$fpinit)
    Region$$Table$$Base                      0x080054c4   Number         0  anon$$obj.o(Region$$Table)
    Region$$Table$$Limit                     0x080054e4   Number         0  anon$$obj.o(Region$$Table)
    gDATABUF                                 0x20000004   Data        1027  main.o(.data)
    remote_ip                                0x20000407   Data           4  main.o(.data)
    remote_port                              0x2000040c   Data           2  main.o(.data)
    gWIZNETINFO                              0x2000040e   Data          23  main.o(.data)
    __stdout                                 0x20000428   Data           4  retarget.o(.data)
    __stdin                                  0x2000042c   Data           4  retarget.o(.data)
    SystemCoreClock                          0x20000430   Data           4  system_stm32f4xx.o(.data)
    AHBPrescTable                            0x20000434   Data          16  system_stm32f4xx.o(.data)
    dirp                                     0x20000454   Data           8  socket.o(.data)
    test                                     0x2000045c   Data        1032  socket.o(.data)
    WIZCHIP                                  0x20000874   Data          32  wizchip_conf.o(.data)
    IsTimeElapsed                            0x2000089a   Data           1  timer_handler.o(.data)
    TimerCount                               0x2000089c   Data           2  timer_handler.o(.data)
    ResetTimeCounter                         0x2000089e   Data           2  timer_handler.o(.data)
    temp                                     0x200008a0   Data          40  main.o(.bss)
    DMA_InitStructure                        0x200008d8   Data          60  spi_handler.o(.bss)
    pTmpBuf1                                 0x20000914   Data        1030  spi_handler.o(.bss)
    pTmpBuf2                                 0x20000d1a   Data        1030  spi_handler.o(.bss)
    TIM_TimeBaseStructure                    0x20001120   Data          12  timer_handler.o(.bss)
    TIM_OCInitStructure                      0x2000112c   Data          20  timer_handler.o(.bss)
    __libspace_start                         0x20001140   Data          96  libspace.o(.bss)
    __temporary_stack_top$libspace           0x200011a0   Data           0  libspace.o(.bss)



==============================================================================

Memory Map of the image

  Image Entry point : 0x08000189

  Load Region LR_IROM1 (Base: 0x08000000, Size: 0x00005d84, Max: 0x00080000, ABSOLUTE, COMPRESSED[0x00005568])

    Execution Region ER_IROM1 (Base: 0x08000000, Size: 0x000054e4, Max: 0x00080000, ABSOLUTE)

    Base Addr    Size         Type   Attr      Idx    E Section Name        Object

    0x08000000   0x00000188   Data   RO          474    RESET               startup_stm32f40_41xxx.o
    0x08000188   0x00000008   Code   RO         1684  * !!!main             c_w.l(__main.o)
    0x08000190   0x00000034   Code   RO         1848    !!!scatter          c_w.l(__scatter.o)
    0x080001c4   0x0000005a   Code   RO         1846    !!dczerorl2         c_w.l(__dczerorl2.o)
    0x0800021e   0x00000002   PAD
    0x08000220   0x0000001c   Code   RO         1850    !!handler_zi        c_w.l(__scatter_zi.o)
    0x0800023c   0x00000000   Code   RO         1673    .ARM.Collect$$_printf_percent$$00000000  c_w.l(_printf_percent.o)
    0x0800023c   0x00000006   Code   RO         1672    .ARM.Collect$$_printf_percent$$00000009  c_w.l(_printf_d.o)
    0x08000242   0x00000006   Code   RO         1671    .ARM.Collect$$_printf_percent$$0000000C  c_w.l(_printf_x.o)
    0x08000248   0x00000006   Code   RO         1669    .ARM.Collect$$_printf_percent$$00000013  c_w.l(_printf_c.o)
    0x0800024e   0x00000006   Code   RO         1670    .ARM.Collect$$_printf_percent$$00000014  c_w.l(_printf_s.o)
    0x08000254   0x00000004   Code   RO         1693    .ARM.Collect$$_printf_percent$$00000017  c_w.l(_printf_percent_end.o)
    0x08000258   0x00000002   Code   RO         1722    .ARM.Collect$$libinit$$00000000  c_w.l(libinit.o)
    0x0800025a   0x00000004   Code   RO         1728    .ARM.Collect$$libinit$$00000001  c_w.l(libinit2.o)
    0x0800025e   0x00000000   Code   RO         1731    .ARM.Collect$$libinit$$00000004  c_w.l(libinit2.o)
    0x0800025e   0x00000000   Code   RO         1734    .ARM.Collect$$libinit$$0000000A  c_w.l(libinit2.o)
    0x0800025e   0x00000000   Code   RO         1736    .ARM.Collect$$libinit$$0000000C  c_w.l(libinit2.o)
    0x0800025e   0x00000000   Code   RO         1738    .ARM.Collect$$libinit$$0000000E  c_w.l(libinit2.o)
    0x0800025e   0x00000000   Code   RO         1741    .ARM.Collect$$libinit$$00000011  c_w.l(libinit2.o)
    0x0800025e   0x00000000   Code   RO         1743    .ARM.Collect$$libinit$$00000013  c_w.l(libinit2.o)
    0x0800025e   0x00000000   Code   RO         1745    .ARM.Collect$$libinit$$00000015  c_w.l(libinit2.o)
    0x0800025e   0x00000000   Code   RO         1747    .ARM.Collect$$libinit$$00000017  c_w.l(libinit2.o)
    0x0800025e   0x00000000   Code   RO         1749    .ARM.Collect$$libinit$$00000019  c_w.l(libinit2.o)
    0x0800025e   0x00000000   Code   RO         1751    .ARM.Collect$$libinit$$0000001B  c_w.l(libinit2.o)
    0x0800025e   0x00000000   Code   RO         1753    .ARM.Collect$$libinit$$0000001D  c_w.l(libinit2.o)
    0x0800025e   0x00000000   Code   RO         1755    .ARM.Collect$$libinit$$0000001F  c_w.l(libinit2.o)
    0x0800025e   0x00000000   Code   RO         1757    .ARM.Collect$$libinit$$00000021  c_w.l(libinit2.o)
    0x0800025e   0x00000000   Code   RO         1759    .ARM.Collect$$libinit$$00000023  c_w.l(libinit2.o)
    0x0800025e   0x00000000   Code   RO         1761    .ARM.Collect$$libinit$$00000025  c_w.l(libinit2.o)
    0x0800025e   0x00000000   Code   RO         1765    .ARM.Collect$$libinit$$0000002C  c_w.l(libinit2.o)
    0x0800025e   0x00000000   Code   RO         1767    .ARM.Collect$$libinit$$0000002E  c_w.l(libinit2.o)
    0x0800025e   0x00000000   Code   RO         1769    .ARM.Collect$$libinit$$00000030  c_w.l(libinit2.o)
    0x0800025e   0x00000000   Code   RO         1771    .ARM.Collect$$libinit$$00000032  c_w.l(libinit2.o)
    0x0800025e   0x00000002   Code   RO         1772    .ARM.Collect$$libinit$$00000033  c_w.l(libinit2.o)
    0x08000260   0x00000002   Code   RO         1790    .ARM.Collect$$libshutdown$$00000000  c_w.l(libshutdown.o)
    0x08000262   0x00000000   Code   RO         1800    .ARM.Collect$$libshutdown$$00000002  c_w.l(libshutdown2.o)
    0x08000262   0x00000000   Code   RO         1802    .ARM.Collect$$libshutdown$$00000004  c_w.l(libshutdown2.o)
    0x08000262   0x00000000   Code   RO         1805    .ARM.Collect$$libshutdown$$00000007  c_w.l(libshutdown2.o)
    0x08000262   0x00000000   Code   RO         1808    .ARM.Collect$$libshutdown$$0000000A  c_w.l(libshutdown2.o)
    0x08000262   0x00000000   Code   RO         1810    .ARM.Collect$$libshutdown$$0000000C  c_w.l(libshutdown2.o)
    0x08000262   0x00000000   Code   RO         1813    .ARM.Collect$$libshutdown$$0000000F  c_w.l(libshutdown2.o)
    0x08000262   0x00000002   Code   RO         1814    .ARM.Collect$$libshutdown$$00000010  c_w.l(libshutdown2.o)
    0x08000264   0x00000000   Code   RO         1686    .ARM.Collect$$rtentry$$00000000  c_w.l(__rtentry.o)
    0x08000264   0x00000000   Code   RO         1695    .ARM.Collect$$rtentry$$00000002  c_w.l(__rtentry2.o)
    0x08000264   0x00000006   Code   RO         1707    .ARM.Collect$$rtentry$$00000004  c_w.l(__rtentry4.o)
    0x0800026a   0x00000000   Code   RO         1697    .ARM.Collect$$rtentry$$00000009  c_w.l(__rtentry2.o)
    0x0800026a   0x00000004   Code   RO         1698    .ARM.Collect$$rtentry$$0000000A  c_w.l(__rtentry2.o)
    0x0800026e   0x00000000   Code   RO         1700    .ARM.Collect$$rtentry$$0000000C  c_w.l(__rtentry2.o)
    0x0800026e   0x00000008   Code   RO         1701    .ARM.Collect$$rtentry$$0000000D  c_w.l(__rtentry2.o)
    0x08000276   0x00000002   Code   RO         1726    .ARM.Collect$$rtexit$$00000000  c_w.l(rtexit.o)
    0x08000278   0x00000000   Code   RO         1774    .ARM.Collect$$rtexit$$00000002  c_w.l(rtexit2.o)
    0x08000278   0x00000004   Code   RO         1775    .ARM.Collect$$rtexit$$00000003  c_w.l(rtexit2.o)
    0x0800027c   0x00000006   Code   RO         1776    .ARM.Collect$$rtexit$$00000004  c_w.l(rtexit2.o)
    0x08000282   0x00000002   PAD
    0x08000284   0x00000290   Code   RO            3    .text               main.o
    0x08000514   0x00000030   Code   RO          177    .text               retarget.o
    0x08000544   0x00000094   Code   RO          207    .text               serial.o
    0x080005d8   0x00000020   Code   RO          328    .text               stm32f4xx_it.o
    0x080005f8   0x00000210   Code   RO          351    .text               system_stm32f4xx.o
    0x08000808   0x00000040   Code   RO          475    .text               startup_stm32f40_41xxx.o
    0x08000848   0x000000e0   Code   RO          481    .text               misc.o
    0x08000928   0x000003a8   Code   RO          750    .text               stm32f4xx_dma.o
    0x08000cd0   0x00000294   Code   RO          856    .text               stm32f4xx_gpio.o
    0x08000f64   0x0000065c   Code   RO         1019    .text               stm32f4xx_rcc.o
    0x080015c0   0x00000480   Code   RO         1124    .text               stm32f4xx_spi.o
    0x08001a40   0x00000ca2   Code   RO         1164    .text               stm32f4xx_tim.o
    0x080026e2   0x00000002   PAD
    0x080026e4   0x00000454   Code   RO         1184    .text               stm32f4xx_usart.o
    0x08002b38   0x0000029c   Code   RO         1303    .text               intan.o
    0x08002dd4   0x00000104   Code   RO         1354    .text               spi.o
    0x08002ed8   0x00001104   Code   RO         1406    .text               socket.o
    0x08003fdc   0x00000694   Code   RO         1435    .text               wizchip_conf.o
    0x08004670   0x00000320   Code   RO         1458    .text               w5500.o
    0x08004990   0x000000b8   Code   RO         1486    .text               gpio_handler.o
    0x08004a48   0x00000024   Code   RO         1506    .text               rcc_handler.o
    0x08004a6c   0x000002a8   Code   RO         1529    .text               spi_handler.o
    0x08004d14   0x000000c0   Code   RO         1564    .text               timer_handler.o
    0x08004dd4   0x00000038   Code   RO         1591    .text               uart_handler.o
    0x08004e0c   0x00000002   Code   RO         1614    .text               c_w.l(use_no_semi.o)
    0x08004e0e   0x00000002   PAD
    0x08004e10   0x00000018   Code   RO         1618    .text               c_w.l(noretval__2printf.o)
    0x08004e28   0x0000004e   Code   RO         1622    .text               c_w.l(_printf_pad.o)
    0x08004e76   0x00000052   Code   RO         1624    .text               c_w.l(_printf_str.o)
    0x08004ec8   0x00000078   Code   RO         1626    .text               c_w.l(_printf_dec.o)
    0x08004f40   0x00000058   Code   RO         1631    .text               c_w.l(_printf_hex_int.o)
    0x08004f98   0x00000188   Code   RO         1666    .text               c_w.l(__printf_flags_ss_wp.o)
    0x08005120   0x0000008a   Code   RO         1674    .text               c_w.l(rt_memcpy_v6.o)
    0x080051aa   0x00000064   Code   RO         1676    .text               c_w.l(rt_memcpy_w.o)
    0x0800520e   0x00000044   Code   RO         1678    .text               c_w.l(rt_memclr.o)
    0x08005252   0x0000004e   Code   RO         1680    .text               c_w.l(rt_memclr_w.o)
    0x080052a0   0x00000006   Code   RO         1682    .text               c_w.l(heapauxi.o)
    0x080052a6   0x000000b2   Code   RO         1687    .text               c_w.l(_printf_intcommon.o)
    0x08005358   0x0000002c   Code   RO         1689    .text               c_w.l(_printf_char.o)
    0x08005384   0x00000024   Code   RO         1691    .text               c_w.l(_printf_char_file.o)
    0x080053a8   0x00000030   Code   RO         1709    .text               c_w.l(_printf_char_common.o)
    0x080053d8   0x0000004a   Code   RO         1711    .text               c_w.l(sys_stackheap_outer.o)
    0x08005422   0x00000012   Code   RO         1715    .text               c_w.l(exit.o)
    0x08005434   0x00000008   Code   RO         1723    .text               c_w.l(libspace.o)
    0x0800543c   0x0000000e   Code   RO         1659    i._is_digit         c_w.l(__printf_wp.o)
    0x0800544a   0x0000000a   Code   RO         1782    x$fpl$fpinit        fz_wm.l(fpinit.o)
    0x08005454   0x00000010   Data   RO            5    .constdata          main.o
    0x08005464   0x00000024   Data   RO         1304    .constdata          intan.o
    0x08005488   0x00000028   Data   RO         1632    .constdata          c_w.l(_printf_hex_int.o)
    0x080054b0   0x00000011   Data   RO         1667    .constdata          c_w.l(__printf_flags_ss_wp.o)
    0x080054c1   0x00000003   PAD
    0x080054c4   0x00000020   Data   RO         1844    Region$$Table       anon$$obj.o


    Execution Region RW_IRAM1 (Base: 0x20000000, Size: 0x000017a0, Max: 0x00020000, ABSOLUTE, COMPRESSED[0x00000084])

    Base Addr    Size         Type   Attr      Idx    E Section Name        Object

    0x20000000   0x00000425   Data   RW            6    .data               main.o
    0x20000425   0x00000003   PAD
    0x20000428   0x00000008   Data   RW          178    .data               retarget.o
    0x20000430   0x00000014   Data   RW          352    .data               system_stm32f4xx.o
    0x20000444   0x00000010   Data   RW         1020    .data               stm32f4xx_rcc.o
    0x20000454   0x0000041e   Data   RW         1408    .data               socket.o
    0x20000872   0x00000002   PAD
    0x20000874   0x00000025   Data   RW         1436    .data               wizchip_conf.o
    0x20000899   0x00000001   PAD
    0x2000089a   0x00000006   Data   RW         1566    .data               timer_handler.o
    0x200008a0   0x00000028   Zero   RW            4    .bss                main.o
    0x200008c8   0x00000010   Zero   RW         1407    .bss                socket.o
    0x200008d8   0x00000848   Zero   RW         1530    .bss                spi_handler.o
    0x20001120   0x00000020   Zero   RW         1565    .bss                timer_handler.o
    0x20001140   0x00000060   Zero   RW         1724    .bss                c_w.l(libspace.o)
    0x200011a0   0x00000200   Zero   RW          473    HEAP                startup_stm32f40_41xxx.o
    0x200013a0   0x00000400   Zero   RW          472    STACK               startup_stm32f40_41xxx.o


==============================================================================

Image component sizes


      Code (inc. data)   RO Data    RW Data    ZI Data      Debug   Object Name

       184          4          0          0          0        645   gpio_handler.o
       668         26         36          0          0     230066   intan.o
       656        266         16       1061         40     245961   main.o
       224         20          0          0          0     230945   misc.o
        36          6          0          0          0        508   rcc_handler.o
        48          0          0          8          0       3042   retarget.o
       148         14          0          0          0      69525   serial.o
      4356        104          0       1054         16       7422   socket.o
       260         10          0          0          0     228455   spi.o
       680         20          0          0       2120       3005   spi_handler.o
        64         26        392          0       1536        832   startup_stm32f40_41xxx.o
       936         32          0          0          0       6389   stm32f4xx_dma.o
       660         44          0          0          0       4153   stm32f4xx_gpio.o
        32          0          0          0          0       1354   stm32f4xx_it.o
      1628         52          0         16          0      13020   stm32f4xx_rcc.o
      1152         36          0          0          0       6901   stm32f4xx_spi.o
      3234         60          0          0          0      23008   stm32f4xx_tim.o
      1108         34          0          0          0       7876   stm32f4xx_usart.o
       528         46          0         20          0      29351   system_stm32f4xx.o
       192         18          0          6         32       1910   timer_handler.o
        56          6          0          0          0        570   uart_handler.o
       800          6          0          0          0       3602   w5500.o
      1684         42          0         37          0      11655   wizchip_conf.o

    ----------------------------------------------------------------------
     19336        872        476       2208       3744    1130195   Object Totals
         0          0         32          0          0          0   (incl. Generated)
         2          0          0          6          0          0   (incl. Padding)

    ----------------------------------------------------------------------

      Code (inc. data)   RO Data    RW Data    ZI Data      Debug   Library Member Name

        90          0          0          0          0          0   __dczerorl2.o
         8          0          0          0          0         68   __main.o
       392          4         17          0          0         92   __printf_flags_ss_wp.o
        14          0          0          0          0         68   __printf_wp.o
         0          0          0          0          0          0   __rtentry.o
        12          0          0          0          0          0   __rtentry2.o
         6          0          0          0          0          0   __rtentry4.o
        52          8          0          0          0          0   __scatter.o
        28          0          0          0          0          0   __scatter_zi.o
         6          0          0          0          0          0   _printf_c.o
        44          0          0          0          0        108   _printf_char.o
        48          6          0          0          0         96   _printf_char_common.o
        36          4          0          0          0         80   _printf_char_file.o
         6          0          0          0          0          0   _printf_d.o
       120         16          0          0          0         92   _printf_dec.o
        88          4         40          0          0         88   _printf_hex_int.o
       178          0          0          0          0         88   _printf_intcommon.o
        78          0          0          0          0        108   _printf_pad.o
         0          0          0          0          0          0   _printf_percent.o
         4          0          0          0          0          0   _printf_percent_end.o
         6          0          0          0          0          0   _printf_s.o
        82          0          0          0          0         80   _printf_str.o
         6          0          0          0          0          0   _printf_x.o
        18          0          0          0          0         80   exit.o
         6          0          0          0          0        152   heapauxi.o
         2          0          0          0          0          0   libinit.o
         6          0          0          0          0          0   libinit2.o
         2          0          0          0          0          0   libshutdown.o
         2          0          0          0          0          0   libshutdown2.o
         8          4          0          0         96         68   libspace.o
        24          4          0          0          0         84   noretval__2printf.o
        68          0          0          0          0         68   rt_memclr.o
        78          0          0          0          0         80   rt_memclr_w.o
       138          0          0          0          0         68   rt_memcpy_v6.o
       100          0          0          0          0         80   rt_memcpy_w.o
         2          0          0          0          0          0   rtexit.o
        10          0          0          0          0          0   rtexit2.o
        74          0          0          0          0         80   sys_stackheap_outer.o
         2          0          0          0          0         68   use_no_semi.o
        10          0          0          0          0        116   fpinit.o

    ----------------------------------------------------------------------
      1860         50         60          0         96       1912   Library Totals
         6          0          3          0          0          0   (incl. Padding)

    ----------------------------------------------------------------------

      Code (inc. data)   RO Data    RW Data    ZI Data      Debug   Library Name

      1844         50         57          0         96       1796   c_w.l
        10          0          0          0          0        116   fz_wm.l

    ----------------------------------------------------------------------
      1860         50         60          0         96       1912   Library Totals

    ----------------------------------------------------------------------

==============================================================================


      Code (inc. data)   RO Data    RW Data    ZI Data      Debug   

     21196        922        536       2208       3840    1126323   Grand Totals
     21196        922        536        132       3840    1126323   ELF Image Totals (compressed)
     21196        922        536        132          0          0   ROM Totals

==============================================================================

    Total RO  Size (Code + RO Data)                21732 (  21.22kB)
    Total RW  Size (RW Data + ZI Data)              6048 (   5.91kB)
    Total ROM Size (Code + RO Data + RW Data)      21864 (  21.35kB)

==============================================================================

